Archive member included to satisfy reference by file (symbol)

C:/ST/STM32CubeIDE_1.16.1/STM32CubeIDE/plugins/com.st.stm32cube.ide.mcu.externaltools.gnu-tools-for-stm32.12.3.rel1.win32_1.0.200.202406191623/tools/bin/../lib/gcc/arm-none-eabi/12.3.1/../../../../arm-none-eabi/lib/thumb/v7e-m+dp/hard\libc_nano.a(libc_a-atoi.o)
                              ./Core/Src/commands.o (atoi)
C:/ST/STM32CubeIDE_1.16.1/STM32CubeIDE/plugins/com.st.stm32cube.ide.mcu.externaltools.gnu-tools-for-stm32.12.3.rel1.win32_1.0.200.202406191623/tools/bin/../lib/gcc/arm-none-eabi/12.3.1/../../../../arm-none-eabi/lib/thumb/v7e-m+dp/hard\libc_nano.a(libc_a-exit.o)
                              C:/ST/STM32CubeIDE_1.16.1/STM32CubeIDE/plugins/com.st.stm32cube.ide.mcu.externaltools.gnu-tools-for-stm32.12.3.rel1.win32_1.0.200.202406191623/tools/bin/../lib/gcc/arm-none-eabi/12.3.1/../../../../arm-none-eabi/lib/thumb/v7e-m+dp/hard/crt0.o (exit)
C:/ST/STM32CubeIDE_1.16.1/STM32CubeIDE/plugins/com.st.stm32cube.ide.mcu.externaltools.gnu-tools-for-stm32.12.3.rel1.win32_1.0.200.202406191623/tools/bin/../lib/gcc/arm-none-eabi/12.3.1/../../../../arm-none-eabi/lib/thumb/v7e-m+dp/hard\libc_nano.a(libc_a-strtol.o)
                              C:/ST/STM32CubeIDE_1.16.1/STM32CubeIDE/plugins/com.st.stm32cube.ide.mcu.externaltools.gnu-tools-for-stm32.12.3.rel1.win32_1.0.200.202406191623/tools/bin/../lib/gcc/arm-none-eabi/12.3.1/../../../../arm-none-eabi/lib/thumb/v7e-m+dp/hard\libc_nano.a(libc_a-atoi.o) (_strtol_r)
C:/ST/STM32CubeIDE_1.16.1/STM32CubeIDE/plugins/com.st.stm32cube.ide.mcu.externaltools.gnu-tools-for-stm32.12.3.rel1.win32_1.0.200.202406191623/tools/bin/../lib/gcc/arm-none-eabi/12.3.1/../../../../arm-none-eabi/lib/thumb/v7e-m+dp/hard\libc_nano.a(libc_a-ctype_.o)
                              ./Core/Src/utils.o (_ctype_)
C:/ST/STM32CubeIDE_1.16.1/STM32CubeIDE/plugins/com.st.stm32cube.ide.mcu.externaltools.gnu-tools-for-stm32.12.3.rel1.win32_1.0.200.202406191623/tools/bin/../lib/gcc/arm-none-eabi/12.3.1/../../../../arm-none-eabi/lib/thumb/v7e-m+dp/hard\libc_nano.a(libc_a-nano-vfprintf_float.o)
                              (_printf_float)
C:/ST/STM32CubeIDE_1.16.1/STM32CubeIDE/plugins/com.st.stm32cube.ide.mcu.externaltools.gnu-tools-for-stm32.12.3.rel1.win32_1.0.200.202406191623/tools/bin/../lib/gcc/arm-none-eabi/12.3.1/../../../../arm-none-eabi/lib/thumb/v7e-m+dp/hard\libc_nano.a(libc_a-nano-vfprintf_i.o)
                              C:/ST/STM32CubeIDE_1.16.1/STM32CubeIDE/plugins/com.st.stm32cube.ide.mcu.externaltools.gnu-tools-for-stm32.12.3.rel1.win32_1.0.200.202406191623/tools/bin/../lib/gcc/arm-none-eabi/12.3.1/../../../../arm-none-eabi/lib/thumb/v7e-m+dp/hard\libc_nano.a(libc_a-nano-vfprintf_float.o) (_printf_common)
C:/ST/STM32CubeIDE_1.16.1/STM32CubeIDE/plugins/com.st.stm32cube.ide.mcu.externaltools.gnu-tools-for-stm32.12.3.rel1.win32_1.0.200.202406191623/tools/bin/../lib/gcc/arm-none-eabi/12.3.1/../../../../arm-none-eabi/lib/thumb/v7e-m+dp/hard\libc_nano.a(libc_a-nano-vfscanf_float.o)
                              (_scanf_float)
C:/ST/STM32CubeIDE_1.16.1/STM32CubeIDE/plugins/com.st.stm32cube.ide.mcu.externaltools.gnu-tools-for-stm32.12.3.rel1.win32_1.0.200.202406191623/tools/bin/../lib/gcc/arm-none-eabi/12.3.1/../../../../arm-none-eabi/lib/thumb/v7e-m+dp/hard\libc_nano.a(libc_a-findfp.o)
                              ./Middlewares/Third_Party/FreeRTOS/Source/tasks.o (__sf)
C:/ST/STM32CubeIDE_1.16.1/STM32CubeIDE/plugins/com.st.stm32cube.ide.mcu.externaltools.gnu-tools-for-stm32.12.3.rel1.win32_1.0.200.202406191623/tools/bin/../lib/gcc/arm-none-eabi/12.3.1/../../../../arm-none-eabi/lib/thumb/v7e-m+dp/hard\libc_nano.a(libc_a-fwalk.o)
                              C:/ST/STM32CubeIDE_1.16.1/STM32CubeIDE/plugins/com.st.stm32cube.ide.mcu.externaltools.gnu-tools-for-stm32.12.3.rel1.win32_1.0.200.202406191623/tools/bin/../lib/gcc/arm-none-eabi/12.3.1/../../../../arm-none-eabi/lib/thumb/v7e-m+dp/hard\libc_nano.a(libc_a-findfp.o) (_fwalk_sglue)
C:/ST/STM32CubeIDE_1.16.1/STM32CubeIDE/plugins/com.st.stm32cube.ide.mcu.externaltools.gnu-tools-for-stm32.12.3.rel1.win32_1.0.200.202406191623/tools/bin/../lib/gcc/arm-none-eabi/12.3.1/../../../../arm-none-eabi/lib/thumb/v7e-m+dp/hard\libc_nano.a(libc_a-printf.o)
                              ./Core/Src/commands.o (printf)
C:/ST/STM32CubeIDE_1.16.1/STM32CubeIDE/plugins/com.st.stm32cube.ide.mcu.externaltools.gnu-tools-for-stm32.12.3.rel1.win32_1.0.200.202406191623/tools/bin/../lib/gcc/arm-none-eabi/12.3.1/../../../../arm-none-eabi/lib/thumb/v7e-m+dp/hard\libc_nano.a(libc_a-puts.o)
                              ./Core/Src/commands.o (puts)
C:/ST/STM32CubeIDE_1.16.1/STM32CubeIDE/plugins/com.st.stm32cube.ide.mcu.externaltools.gnu-tools-for-stm32.12.3.rel1.win32_1.0.200.202406191623/tools/bin/../lib/gcc/arm-none-eabi/12.3.1/../../../../arm-none-eabi/lib/thumb/v7e-m+dp/hard\libc_nano.a(libc_a-snprintf.o)
                              ./Core/Src/commands.o (snprintf)
[...]
Memory Configuration

Name             Origin             Length             Attributes
RAM              0x20000000         0x00080000         xrw
FLASH            0x08000000         0x00200000         xr
*default*        0x00000000         0xffffffff

Linker script and memory map

LOAD C:/ST/STM32CubeIDE_1.16.1/STM32CubeIDE/plugins/com.st.stm32cube.ide.mcu.externaltools.gnu-tools-for-stm32.12.3.rel1.win32_1.0.200.202406191623/tools/bin/../lib/gcc/arm-none-eabi/12.3.1/thumb/v7e-m+dp/hard/crti.o
LOAD C:/ST/STM32CubeIDE_1.16.1/STM32CubeIDE/plugins/com.st.stm32cube.ide.mcu.externaltools.gnu-tools-for-stm32.12.3.rel1.win32_1.0.200.202406191623/tools/bin/../lib/gcc/arm-none-eabi/12.3.1/thumb/v7e-m+dp/hard/crtbegin.o
LOAD C:/ST/STM32CubeIDE_1.16.1/STM32CubeIDE/plugins/com.st.stm32cube.ide.mcu.externaltools.gnu-tools-for-stm32.12.3.rel1.win32_1.0.200.202406191623/tools/bin/../lib/gcc/arm-none-eabi/12.3.1/../../../../arm-none-eabi/lib/thumb/v7e-m+dp/hard/crt0.o
LOAD ./Core/Src/SX1278.o
LOAD ./Core/Src/SX1278_hw.o
LOAD ./Core/Src/bmp280.o
LOAD ./Core/Src/commands.o
LOAD ./Core/Src/freertos.o
LOAD ./Core/Src/gpio.o
LOAD ./Core/Src/i2c.o
LOAD ./Core/Src/imc20608.o
LOAD ./Core/Src/main.o
LOAD ./Core/Src/parser.o
LOAD ./Core/Src/spi.o
LOAD ./Core/Src/stm32f7xx_hal_msp.o
LOAD ./Core/Src/stm32f7xx_hal_timebase_tim.o
LOAD ./Core/Src/stm32f7xx_it.o
LOAD ./Core/Src/syscalls.o
LOAD ./Core/Src/sysmem.o
LOAD ./Core/Src/system_stm32f7xx.o
LOAD ./Core/Src/tim.o
LOAD ./Core/Src/usart.o
LOAD ./Core/Src/utils.o
LOAD ./Core/Startup/startup_stm32f767zitx.o
LOAD ./Drivers/STM32F7xx_HAL_Driver/Src/stm32f7xx_hal.o
LOAD ./Drivers/STM32F7xx_HAL_Driver/Src/stm32f7xx_hal_cortex.o
LOAD ./Drivers/STM32F7xx_HAL_Driver/Src/stm32f7xx_hal_dma.o
LOAD ./Drivers/STM32F7xx_HAL_Driver/Src/stm32f7xx_hal_dma_ex.o
LOAD ./Drivers/STM32F7xx_HAL_Driver/Src/stm32f7xx_hal_exti.o
LOAD ./Drivers/STM32F7xx_HAL_Driver/Src/stm32f7xx_hal_flash.o
LOAD ./Drivers/STM32F7xx_HAL_Driver/Src/stm32f7xx_hal_flash_ex.o
LOAD ./Drivers/STM32F7xx_HAL_Driver/Src/stm32f7xx_hal_gpio.o
LOAD ./Drivers/STM32F7xx_HAL_Driver/Src/stm32f7xx_hal_i2c.o
LOAD ./Drivers/STM32F7xx_HAL_Driver/Src/stm32f7xx_hal_i2c_ex.o
LOAD ./Drivers/STM32F7xx_HAL_Driver/Src/stm32f7xx_hal_pwr.o
LOAD ./Drivers/STM32F7xx_HAL_Driver/Src/stm32f7xx_hal_pwr_ex.o
LOAD ./Drivers/STM32F7xx_HAL_Driver/Src/stm32f7xx_hal_rcc.o
LOAD ./Drivers/STM32F7xx_HAL_Driver/Src/stm32f7xx_hal_rcc_ex.o
LOAD ./Drivers/STM32F7xx_HAL_Driver/Src/stm32f7xx_hal_spi.o
LOAD ./Drivers/STM32F7xx_HAL_Driver/Src/stm32f7xx_hal_spi_ex.o
LOAD ./Drivers/STM32F7xx_HAL_Driver/Src/stm32f7xx_hal_tim.o
LOAD ./Drivers/STM32F7xx_HAL_Driver/Src/stm32f7xx_hal_tim_ex.o
LOAD ./Drivers/STM32F7xx_HAL_Driver/Src/stm32f7xx_hal_uart.o
LOAD ./Drivers/STM32F7xx_HAL_Driver/Src/stm32f7xx_hal_uart_ex.o
LOAD ./Middlewares/Third_Party/FreeRTOS/Source/CMSIS_RTOS/cmsis_os.o
LOAD ./Middlewares/Third_Party/FreeRTOS/Source/croutine.o
LOAD ./Middlewares/Third_Party/FreeRTOS/Source/event_groups.o
LOAD ./Middlewares/Third_Party/FreeRTOS/Source/list.o
LOAD ./Middlewares/Third_Party/FreeRTOS/Source/queue.o
LOAD ./Middlewares/Third_Party/FreeRTOS/Source/stream_buffer.o
LOAD ./Middlewares/Third_Party/FreeRTOS/Source/tasks.o
LOAD ./Middlewares/Third_Party/FreeRTOS/Source/timers.o
LOAD ./Middlewares/Third_Party/FreeRTOS/Source/portable/GCC/ARM_CM7/r0p1/port.o
LOAD ./Middlewares/Third_Party/FreeRTOS/Source/portable/MemMang/heap_4.o
START GROUP
LOAD C:/ST/STM32CubeIDE_1.16.1/STM32CubeIDE/plugins/com.st.stm32cube.ide.mcu.externaltools.gnu-tools-for-stm32.12.3.rel1.win32_1.0.200.202406191623/tools/bin/../lib/gcc/arm-none-eabi/12.3.1/../../../../arm-none-eabi/lib/thumb/v7e-m+dp/hard\libc_nano.a
LOAD C:/ST/STM32CubeIDE_1.16.1/STM32CubeIDE/plugins/com.st.stm32cube.ide.mcu.externaltools.gnu-tools-for-stm32.12.3.rel1.win32_1.0.200.202406191623/tools/bin/../lib/gcc/arm-none-eabi/12.3.1/../../../../arm-none-eabi/lib/thumb/v7e-m+dp/hard\libm.a
END GROUP
START GROUP
LOAD C:/ST/STM32CubeIDE_1.16.1/STM32CubeIDE/plugins/com.st.stm32cube.ide.mcu.externaltools.gnu-tools-for-stm32.12.3.rel1.win32_1.0.200.202406191623/tools/bin/../lib/gcc/arm-none-eabi/12.3.1/thumb/v7e-m+dp/hard\libgcc.a
LOAD C:/ST/STM32CubeIDE_1.16.1/STM32CubeIDE/plugins/com.st.stm32cube.ide.mcu.externaltools.gnu-tools-for-stm32.12.3.rel1.win32_1.0.200.202406191623/tools/bin/../lib/gcc/arm-none-eabi/12.3.1/../../../../arm-none-eabi/lib/thumb/v7e-m+dp/hard\libc_nano.a
END GROUP
START GROUP
LOAD C:/ST/STM32CubeIDE_1.16.1/STM32CubeIDE/plugins/com.st.stm32cube.ide.mcu.externaltools.gnu-tools-for-stm32.12.3.rel1.win32_1.0.200.202406191623/tools/bin/../lib/gcc/arm-none-eabi/12.3.1/thumb/v7e-m+dp/hard\libgcc.a
LOAD C:/ST/STM32CubeIDE_1.16.1/STM32CubeIDE/plugins/com.st.stm32cube.ide.mcu.externaltools.gnu-tools-for-stm32.12.3.rel1.win32_1.0.200.202406191623/tools/bin/../lib/gcc/arm-none-eabi/12.3.1/../../../../arm-none-eabi/lib/thumb/v7e-m+dp/hard\libc_nano.a
LOAD C:/ST/STM32CubeIDE_1.16.1/STM32CubeIDE/plugins/com.st.stm32cube.ide.mcu.externaltools.gnu-tools-for-stm32.12.3.rel1.win32_1.0.200.202406191623/tools/bin/../lib/gcc/arm-none-eabi/12.3.1/../../../../arm-none-eabi/lib/thumb/v7e-m+dp/hard\libnosys.a
END GROUP
START GROUP
LOAD C:/ST/STM32CubeIDE_1.16.1/STM32CubeIDE/plugins/com.st.stm32cube.ide.mcu.externaltools.gnu-tools-for-stm32.12.3.rel1.win32_1.0.200.202406191623/tools/bin/../lib/gcc/arm-none-eabi/12.3.1/thumb/v7e-m+dp/hard\libgcc.a
LOAD C:/ST/STM32CubeIDE_1.16.1/STM32CubeIDE/plugins/com.st.stm32cube.ide.mcu.externaltools.gnu-tools-for-stm32.12.3.rel1.win32_1.0.200.202406191623/tools/bin/../lib/gcc/arm-none-eabi/12.3.1/../../../../arm-none-eabi/lib/thumb/v7e-m+dp/hard\libc_nano.a
LOAD C:/ST/STM32CubeIDE_1.16.1/STM32CubeIDE/plugins/com.st.stm32cube.ide.mcu.externaltools.gnu-tools-for-stm32.12.3.rel1.win32_1.0.200.202406191623/tools/bin/../lib/gcc/arm-none-eabi/12.3.1/../../../../arm-none-eabi/lib/thumb/v7e-m+dp/hard\libnosys.a
END GROUP
LOAD C:/ST/STM32CubeIDE_1.16.1/STM32CubeIDE/plugins/com.st.stm32cube.ide.mcu.externaltools.gnu-tools-for-stm32.12.3.rel1.win32_1.0.200.202406191623/tools/bin/../lib/gcc/arm-none-eabi/12.3.1/thumb/v7e-m+dp/hard/crtend.o
LOAD C:/ST/STM32CubeIDE_1.16.1/STM32CubeIDE/plugins/com.st.stm32cube.ide.mcu.externaltools.gnu-tools-for-stm32.12.3.rel1.win32_1.0.200.202406191623/tools/bin/../lib/gcc/arm-none-eabi/12.3.1/thumb/v7e-m+dp/hard/crtn.o
                0x20080000                        _estack = (ORIGIN (RAM) + LENGTH (RAM))
                0x00000200                        _Min_Heap_Size = 0x200
                0x00000400                        _Min_Stack_Size = 0x400

.isr_vector     0x08000000      0x1f8
                0x08000000                        . = ALIGN (0x4)
 *(.isr_vector)
 .isr_vector    0x08000000      0x1f8 ./Core/Startup/startup_stm32f767zitx.o
                0x08000000                g_pfnVectors
                0x080001f8                        . = ALIGN (0x4)

.text           0x08000200    0x10830
                0x08000200                        . = ALIGN (0x4)
 *(.text)
 .text          0x08000200       0x40 C:/ST/STM32CubeIDE_1.16.1/STM32CubeIDE/plugins/com.st.stm32cube.ide.mcu.externaltools.gnu-tools-for-stm32.12.3.rel1.win32_1.0.200.202406191623/tools/bin/../lib/gcc/arm-none-eabi/12.3.1/thumb/v7e-m+dp/hard/crtbegin.o
 .text          0x08000240       0x14 C:/ST/STM32CubeIDE_1.16.1/STM32CubeIDE/plugins/com.st.stm32cube.ide.mcu.externaltools.gnu-tools-for-stm32.12.3.rel1.win32_1.0.200.202406191623/tools/bin/../lib/gcc/arm-none-eabi/12.3.1/../../../../arm-none-eabi/lib/thumb/v7e-m+dp/hard\libc_nano.a(libc_a-strcmp.o)
                0x08000240                strcmp
 *fill*         0x08000254        0xc 
 .text          0x08000260       0xa0 C:/ST/STM32CubeIDE_1.16.1/STM32CubeIDE/plugins/com.st.stm32cube.ide.mcu.externaltools.gnu-tools-for-stm32.12.3.rel1.win32_1.0.200.202406191623/tools/bin/../lib/gcc/arm-none-eabi/12.3.1/../../../../arm-none-eabi/lib/thumb/v7e-m+dp/hard\libc_nano.a(libc_a-memchr.o)
                0x08000260                memchr
 .text          0x08000300       0x10 C:/ST/STM32CubeIDE_1.16.1/STM32CubeIDE/plugins/com.st.stm32cube.ide.mcu.externaltools.gnu-tools-for-stm32.12.3.rel1.win32_1.0.200.202406191623/tools/bin/../lib/gcc/arm-none-eabi/12.3.1/../../../../arm-none-eabi/lib/thumb/v7e-m+dp/hard\libc_nano.a(libc_a-strlen.o)
                0x08000300                strlen
 .text          0x08000310      0x378 C:/ST/STM32CubeIDE_1.16.1/STM32CubeIDE/plugins/com.st.stm32cube.ide.mcu.externaltools.gnu-tools-for-stm32.12.3.rel1.win32_1.0.200.202406191623/tools/bin/../lib/gcc/arm-none-eabi/12.3.1/thumb/v7e-m+dp/hard\libgcc.a(_arm_addsubdf3.o)
                0x08000310                __aeabi_drsub
                0x08000318                __aeabi_dsub
                0x08000318                __subdf3
                0x0800031c                __aeabi_dadd
                0x0800031c                __adddf3
                0x08000594                __floatunsidf
                0x08000594                __aeabi_ui2d
                0x080005b4                __floatsidf
                0x080005b4                __aeabi_i2d
                0x080005d8                __aeabi_f2d
                0x080005d8                __extendsfdf2
                0x0800061c                __floatundidf
                0x0800061c                __aeabi_ul2d
                0x0800062c                __floatdidf
                0x0800062c                __aeabi_l2d
 .text          0x08000688       0xa0 C:/ST/STM32CubeIDE_1.16.1/STM32CubeIDE/plugins/com.st.stm32cube.ide.mcu.externaltools.gnu-tools-for-stm32.12.3.rel1.win32_1.0.200.202406191623/tools/bin/../lib/gcc/arm-none-eabi/12.3.1/thumb/v7e-m+dp/hard\libgcc.a(_aeabi_ldivmod.o)
                0x08000688                __aeabi_ldivmod
 .text          0x08000728       0x30 C:/ST/STM32CubeIDE_1.16.1/STM32CubeIDE/plugins/com.st.stm32cube.ide.mcu.externaltools.gnu-tools-for-stm32.12.3.rel1.win32_1.0.200.202406191623/tools/bin/../lib/gcc/arm-none-eabi/12.3.1/thumb/v7e-m+dp/hard\libgcc.a(_aeabi_uldivmod.o)
                0x08000728                __aeabi_uldivmod
 .text          0x08000758       0x30 C:/ST/STM32CubeIDE_1.16.1/STM32CubeIDE/plugins/com.st.stm32cube.ide.mcu.externaltools.gnu-tools-for-stm32.12.3.rel1.win32_1.0.200.202406191623/tools/bin/../lib/gcc/arm-none-eabi/12.3.1/thumb/v7e-m+dp/hard\libgcc.a(_fixdfdi.o)
                0x08000758                __fixdfdi
                0x08000758                __aeabi_d2lz
 .text          0x08000788       0x40 C:/ST/STM32CubeIDE_1.16.1/STM32CubeIDE/plugins/com.st.stm32cube.ide.mcu.externaltools.gnu-tools-for-stm32.12.3.rel1.win32_1.0.200.202406191623/tools/bin/../lib/gcc/arm-none-eabi/12.3.1/thumb/v7e-m+dp/hard\libgcc.a(_fixunsdfdi.o)
                0x08000788                __fixunsdfdi
                0x08000788                __aeabi_d2ulz
 .text          0x080007c8      0x2bc C:/ST/STM32CubeIDE_1.16.1/STM32CubeIDE/plugins/com.st.stm32cube.ide.mcu.externaltools.gnu-tools-for-stm32.12.3.rel1.win32_1.0.200.202406191623/tools/bin/../lib/gcc/arm-none-eabi/12.3.1/thumb/v7e-m+dp/hard\libgcc.a(_udivmoddi4.o)
                0x080007c8                __udivmoddi4
 .text          0x08000a84        0x4 C:/ST/STM32CubeIDE_1.16.1/STM32CubeIDE/plugins/com.st.stm32cube.ide.mcu.externaltools.gnu-tools-for-stm32.12.3.rel1.win32_1.0.200.202406191623/tools/bin/../lib/gcc/arm-none-eabi/12.3.1/thumb/v7e-m+dp/hard\libgcc.a(_dvmd_tls.o)
                0x08000a84                __aeabi_idiv0
                0x08000a84                __aeabi_ldiv0
 *(.text*)
 .text.SX1278_SPIRead
                0x08000a88       0x3e ./Core/Src/SX1278.o
                0x08000a88                SX1278_SPIRead
 .text.SX1278_SPIWrite
                0x08000ac6       0x52 ./Core/Src/SX1278.o
                0x08000ac6                SX1278_SPIWrite
 .text.SX1278_SPIBurstRead
                0x08000b18       0x72 ./Core/Src/SX1278.o
                0x08000b18                SX1278_SPIBurstRead
 .text.SX1278_SPIBurstWrite
                0x08000b8a       0x76 ./Core/Src/SX1278.o
                0x08000b8a                SX1278_SPIBurstWrite
 .text.SX1278_config
                0x08000c00      0x208 ./Core/Src/SX1278.o
                0x08000c00                SX1278_config
 .text.SX1278_standby
                0x08000e08       0x20 ./Core/Src/SX1278.o
                0x08000e08                SX1278_standby
 .text.SX1278_sleep
                0x08000e28       0x20 ./Core/Src/SX1278.o
                0x08000e28                SX1278_sleep
 .text.SX1278_entryLoRa
                0x08000e48       0x1a ./Core/Src/SX1278.o
                0x08000e48                SX1278_entryLoRa
 .text.SX1278_clearLoRaIrq
                0x08000e62       0x1a ./Core/Src/SX1278.o
                0x08000e62                SX1278_clearLoRaIrq
 .text.SX1278_LoRaEntryRx
                0x08000e7c       0xca ./Core/Src/SX1278.o
                0x08000e7c                SX1278_LoRaEntryRx
 .text.SX1278_LoRaRxPacket
                0x08000f46       0x88 ./Core/Src/SX1278.o
                0x08000f46                SX1278_LoRaRxPacket
 .text.SX1278_read
                0x08000fce       0x4c ./Core/Src/SX1278.o
                0x08000fce                SX1278_read
 .text.SX1278_hw_SetNSS
                0x0800101a       0x2e ./Core/Src/SX1278_hw.o
                0x0800101a                SX1278_hw_SetNSS
 .text.SX1278_hw_Reset
                0x08001048       0x48 ./Core/Src/SX1278_hw.o
                0x08001048                SX1278_hw_Reset
 .text.SX1278_hw_SPICommand
                0x08001090       0x40 ./Core/Src/SX1278_hw.o
                0x08001090                SX1278_hw_SPICommand
 .text.SX1278_hw_SPIReadByte
                0x080010d0       0x4c ./Core/Src/SX1278_hw.o
                0x080010d0                SX1278_hw_SPIReadByte
 .text.SX1278_hw_DelayMs
                0x0800111c       0x16 ./Core/Src/SX1278_hw.o
                0x0800111c                SX1278_hw_DelayMs
 .text.SX1278_hw_GetDIO0
                0x08001132       0x2e ./Core/Src/SX1278_hw.o
                0x08001132                SX1278_hw_GetDIO0
 .text.bmp280_init_default_params
                0x08001160       0x38 ./Core/Src/bmp280.o
                0x08001160                bmp280_init_default_params
 .text.read_register16
                0x08001198       0x5e ./Core/Src/bmp280.o
 .text.read_data
                0x080011f6       0x50 ./Core/Src/bmp280.o
 .text.read_calibration_data
                0x08001246      0x104 ./Core/Src/bmp280.o
 .text.read_hum_calibration_data
                0x0800134a       0xc0 ./Core/Src/bmp280.o
 .text.write_register8
                0x0800140a       0x4a ./Core/Src/bmp280.o
 .text.bmp280_init
                0x08001454      0x15a ./Core/Src/bmp280.o
                0x08001454                bmp280_init
 .text.compensate_temperature
                0x080015ae       0x72 ./Core/Src/bmp280.o
 .text.compensate_pressure
                0x08001620      0x57c ./Core/Src/bmp280.o
 .text.compensate_humidity
                0x08001b9c       0xbe ./Core/Src/bmp280.o
 .text.bmp280_read_fixed
                0x08001c5a       0xca ./Core/Src/bmp280.o
                0x08001c5a                bmp280_read_fixed
 .text.bmp280_read_float
                0x08001d24       0x98 ./Core/Src/bmp280.o
                0x08001d24                bmp280_read_float
 .text.handle_beep
                0x08001dbc       0x44 ./Core/Src/commands.o
                0x08001dbc                handle_beep
 .text.handle_beep_stop
                0x08001e00       0x2e ./Core/Src/commands.o
                0x08001e00                handle_beep_stop
 .text.handle_morse
                0x08001e2e       0x1a ./Core/Src/commands.o
                0x08001e2e                handle_morse
 .text.handle_WhoAmI
                0x08001e48       0x20 ./Core/Src/commands.o
                0x08001e48                handle_WhoAmI
 .text.handle_ping_local
                0x08001e68       0x20 ./Core/Src/commands.o
                0x08001e68                handle_ping_local
 .text.handle_ping
                0x08001e88       0x20 ./Core/Src/commands.o
                0x08001e88                handle_ping
 .text.handle_reset
                0x08001ea8       0x20 ./Core/Src/commands.o
                0x08001ea8                handle_reset
 .text.handle_get_version
                0x08001ec8       0x20 ./Core/Src/commands.o
                0x08001ec8                handle_get_version
 .text.handle_get_status
                0x08001ee8       0x20 ./Core/Src/commands.o
                0x08001ee8                handle_get_status
 .text.handle_cam_list
                0x08001f08       0x18 ./Core/Src/commands.o
                0x08001f08                handle_cam_list
 .text.handle_cam_num_blocks
                0x08001f20       0x18 ./Core/Src/commands.o
                0x08001f20                handle_cam_num_blocks
 .text.handle_cam_get_blocks
                0x08001f38       0x18 ./Core/Src/commands.o
                0x08001f38                handle_cam_get_blocks
 .text.handle_cam_take_pic
                0x08001f50       0x18 ./Core/Src/commands.o
                0x08001f50                handle_cam_take_pic
 .text.handle_cam_stream
                0x08001f68       0x18 ./Core/Src/commands.o
                0x08001f68                handle_cam_stream
 .text.handle_cam_get_latest
                0x08001f80       0x18 ./Core/Src/commands.o
                0x08001f80                handle_cam_get_latest
 .text.handle_gps_get_time
                0x08001f98       0x18 ./Core/Src/commands.o
                0x08001f98                handle_gps_get_time
 .text.handle_gps_get_location
                0x08001fb0       0x18 ./Core/Src/commands.o
                0x08001fb0                handle_gps_get_location
 .text.handle_gps_get_velocity
                0x08001fc8       0x18 ./Core/Src/commands.o
                0x08001fc8                handle_gps_get_velocity
 .text.handle_gps_get_altitude
                0x08001fe0       0x18 ./Core/Src/commands.o
                0x08001fe0                handle_gps_get_altitude
 .text.handle_gps_fix
                0x08001ff8       0x18 ./Core/Src/commands.o
                0x08001ff8                handle_gps_fix
 .text.handle_gps_get_all
                0x08002010       0x18 ./Core/Src/commands.o
                0x08002010                handle_gps_get_all
 .text.handle_bmp_get_temp
                0x08002028       0x34 ./Core/Src/commands.o
                0x08002028                handle_bmp_get_temp
 .text.handle_bmp_get_pres
                0x0800205c       0x34 ./Core/Src/commands.o
                0x0800205c                handle_bmp_get_pres
 .text.handle_bmp_get_all
                0x08002090       0x48 ./Core/Src/commands.o
                0x08002090                handle_bmp_get_all
 .text.handle_imu_get_mag
                0x080020d8       0x22 ./Core/Src/commands.o
                0x080020d8                handle_imu_get_mag
 *fill*         0x080020fa        0x2 
 .text.handle_imu_get_gyr
                0x080020fc       0x84 ./Core/Src/commands.o
                0x080020fc                handle_imu_get_gyr
 .text.handle_imu_get_acc
                0x08002180       0x84 ./Core/Src/commands.o
                0x08002180                handle_imu_get_acc
 .text.handle_imu_calibrate
                0x08002204       0x38 ./Core/Src/commands.o
                0x08002204                handle_imu_calibrate
 .text.handle_imu_get_all
                0x0800223c       0x26 ./Core/Src/commands.o
                0x0800223c                handle_imu_get_all
 .text.handle_rf_get_temp
                0x08002262       0x18 ./Core/Src/commands.o
                0x08002262                handle_rf_get_temp
 .text.handle_rf_get_rssi
                0x0800227a       0x18 ./Core/Src/commands.o
                0x0800227a                handle_rf_get_rssi
 .text.handle_led_off
                0x08002292       0x18 ./Core/Src/commands.o
                0x08002292                handle_led_off
 .text.handle_led_on
                0x080022aa       0x18 ./Core/Src/commands.o
                0x080022aa                handle_led_on
 .text.handle_reset_local
                0x080022c2       0x18 ./Core/Src/commands.o
                0x080022c2                handle_reset_local
 .text.handle_gs_set_nodeid
                0x080022da       0x18 ./Core/Src/commands.o
                0x080022da                handle_gs_set_nodeid
 .text.handle_gs_get_nodeid
                0x080022f2       0x18 ./Core/Src/commands.o
                0x080022f2                handle_gs_get_nodeid
 .text.handle_gs_get_RSSI
                0x0800230a       0x18 ./Core/Src/commands.o
                0x0800230a                handle_gs_get_RSSI
 .text.handle_gs_set_network
                0x08002322       0x18 ./Core/Src/commands.o
                0x08002322                handle_gs_set_network
 .text.handle_reset_gs
                0x0800233a       0x18 ./Core/Src/commands.o
                0x0800233a                handle_reset_gs
 .text.handle_eps_get_voltage
                0x08002352       0x18 ./Core/Src/commands.o
                0x08002352                handle_eps_get_voltage
 .text.handle_eps_measure
                0x0800236a       0x18 ./Core/Src/commands.o
                0x0800236a                handle_eps_measure
 .text.handle_eps_get_sp_voltage
                0x08002382       0x18 ./Core/Src/commands.o
                0x08002382                handle_eps_get_sp_voltage
 .text.handle_eps_get_sp_current
                0x0800239a       0x18 ./Core/Src/commands.o
                0x0800239a                handle_eps_get_sp_current
 .text.handle_sd_card_connected
                0x080023b2       0x18 ./Core/Src/commands.o
                0x080023b2                handle_sd_card_connected
 .text.handle_rbf_connected
                0x080023ca       0x18 ./Core/Src/commands.o
                0x080023ca                handle_rbf_connected
 .text.handle_eps_charging
                0x080023e2       0x18 ./Core/Src/commands.o
                0x080023e2                handle_eps_charging
 *fill*         0x080023fa        0x2 
 .text.vApplicationGetIdleTaskMemory
                0x080023fc       0x34 ./Core/Src/freertos.o
                0x080023fc                vApplicationGetIdleTaskMemory
 .text.MX_FREERTOS_Init
                0x08002430       0xe0 ./Core/Src/freertos.o
                0x08002430                MX_FREERTOS_Init
 .text.Uart_Parser_Task
                0x08002510       0xa0 ./Core/Src/freertos.o
                0x08002510                Uart_Parser_Task
 .text.defaultTask
                0x080025b0       0x10 ./Core/Src/freertos.o
                0x080025b0                defaultTask
 .text.Dispatcher_Task
                0x080025c0       0xb8 ./Core/Src/freertos.o
                0x080025c0                Dispatcher_Task
 .text.MX_GPIO_Init
                0x08002678      0x2ac ./Core/Src/gpio.o
                0x08002678                MX_GPIO_Init
 .text.MX_I2C1_Init
                0x08002924       0x80 ./Core/Src/i2c.o
                0x08002924                MX_I2C1_Init
 .text.MX_I2C2_Init
                0x080029a4       0x80 ./Core/Src/i2c.o
                0x080029a4                MX_I2C2_Init
 .text.HAL_I2C_MspInit
                0x08002a24      0x150 ./Core/Src/i2c.o
                0x08002a24                HAL_I2C_MspInit
 .text.ICM20608_Init
                0x08002b74      0x124 ./Core/Src/imc20608.o
                0x08002b74                ICM20608_Init
 .text.ICM20608_ReadAll
                0x08002c98      0x174 ./Core/Src/imc20608.o
                0x08002c98                ICM20608_ReadAll
 .text.ICM20608_Calibrate
                0x08002e0c      0x196 ./Core/Src/imc20608.o
                0x08002e0c                ICM20608_Calibrate
 .text.main     0x08002fa2       0x38 ./Core/Src/main.o
                0x08002fa2                main
 *fill*         0x08002fda        0x2 
 .text.SystemClock_Config
                0x08002fdc       0xe4 ./Core/Src/main.o
                0x08002fdc                SystemClock_Config
 .text.HAL_TIM_PeriodElapsedCallback
                0x080030c0       0x24 ./Core/Src/main.o
                0x080030c0                HAL_TIM_PeriodElapsedCallback
 .text.Error_Handler
                0x080030e4        0xc ./Core/Src/main.o
                0x080030e4                Error_Handler
 .text.validateCommand
                0x080030f0       0x28 ./Core/Src/parser.o
                0x080030f0                validateCommand
 .text.parseCommand
                0x08003118      0x25c ./Core/Src/parser.o
                0x08003118                parseCommand
 .text.MX_SPI1_Init
                0x08003374       0x7c ./Core/Src/spi.o
                0x08003374                MX_SPI1_Init
 .text.MX_SPI4_Init
                0x080033f0       0x7c ./Core/Src/spi.o
                0x080033f0                MX_SPI4_Init
 .text.HAL_SPI_MspInit
                0x0800346c      0x128 ./Core/Src/spi.o
                0x0800346c                HAL_SPI_MspInit
 .text.HAL_MspInit
                0x08003594       0x50 ./Core/Src/stm32f7xx_hal_msp.o
                0x08003594                HAL_MspInit
 .text.HAL_InitTick
                0x080035e4       0xf4 ./Core/Src/stm32f7xx_hal_timebase_tim.o
                0x080035e4                HAL_InitTick
 .text.NMI_Handler
                0x080036d8        0x8 ./Core/Src/stm32f7xx_it.o
                0x080036d8                NMI_Handler
 .text.HardFault_Handler
                0x080036e0        0x8 ./Core/Src/stm32f7xx_it.o
                0x080036e0                HardFault_Handler
 .text.MemManage_Handler
                0x080036e8        0x8 ./Core/Src/stm32f7xx_it.o
                0x080036e8                MemManage_Handler
 .text.BusFault_Handler
                0x080036f0        0x8 ./Core/Src/stm32f7xx_it.o
                0x080036f0                BusFault_Handler
 .text.UsageFault_Handler
                0x080036f8        0x8 ./Core/Src/stm32f7xx_it.o
                0x080036f8                UsageFault_Handler
 .text.DebugMon_Handler
                0x08003700        0xe ./Core/Src/stm32f7xx_it.o
                0x08003700                DebugMon_Handler
 *fill*         0x0800370e        0x2 
 .text.USART3_IRQHandler
                0x08003710       0x14 ./Core/Src/stm32f7xx_it.o
                0x08003710                USART3_IRQHandler
 .text.TIM6_DAC_IRQHandler
                0x08003724       0x14 ./Core/Src/stm32f7xx_it.o
                0x08003724                TIM6_DAC_IRQHandler
 .text.USART6_IRQHandler
                0x08003738       0x14 ./Core/Src/stm32f7xx_it.o
                0x08003738                USART6_IRQHandler
 .text._getpid  0x0800374c       0x10 ./Core/Src/syscalls.o
                0x0800374c                _getpid
 .text._kill    0x0800375c       0x20 ./Core/Src/syscalls.o
                0x0800375c                _kill
 .text._exit    0x0800377c       0x16 ./Core/Src/syscalls.o
                0x0800377c                _exit
 .text._read    0x08003792       0x3a ./Core/Src/syscalls.o
                0x08003792                _read
 .text._close   0x080037cc       0x18 ./Core/Src/syscalls.o
                0x080037cc                _close
 .text._fstat   0x080037e4       0x20 ./Core/Src/syscalls.o
                0x080037e4                _fstat
 .text._isatty  0x08003804       0x16 ./Core/Src/syscalls.o
                0x08003804                _isatty
 .text._lseek   0x0800381a       0x1a ./Core/Src/syscalls.o
                0x0800381a                _lseek
 .text._sbrk    0x08003834       0x6c ./Core/Src/sysmem.o
                0x08003834                _sbrk
 .text.SystemInit
                0x080038a0       0x24 ./Core/Src/system_stm32f7xx.o
                0x080038a0                SystemInit
 .text.MX_TIM1_Init
                0x080038c4      0x120 ./Core/Src/tim.o
                0x080038c4                MX_TIM1_Init
 .text.HAL_TIM_PWM_MspInit
                0x080039e4       0x40 ./Core/Src/tim.o
                0x080039e4                HAL_TIM_PWM_MspInit
 .text.HAL_TIM_MspPostInit
                0x08003a24       0x70 ./Core/Src/tim.o
                0x08003a24                HAL_TIM_MspPostInit
 .text.HAL_UART_RxCpltCallback
                0x08003a94      0x13c ./Core/Src/usart.o
                0x08003a94                HAL_UART_RxCpltCallback
 .text.MX_USART3_UART_Init
                0x08003bd0       0x60 ./Core/Src/usart.o
                0x08003bd0                MX_USART3_UART_Init
 .text.MX_USART6_UART_Init
                0x08003c30       0x60 ./Core/Src/usart.o
                0x08003c30                MX_USART6_UART_Init
 .text.HAL_UART_MspInit
                0x08003c90      0x16c ./Core/Src/usart.o
                0x08003c90                HAL_UART_MspInit
 .text.init_bmp280
                0x08003dfc       0xe8 ./Core/Src/utils.o
                0x08003dfc                init_bmp280
 .text.read_temp
                0x08003ee4       0x84 ./Core/Src/utils.o
                0x08003ee4                read_temp
 .text.read_pressure
                0x08003f68       0xbc ./Core/Src/utils.o
                0x08003f68                read_pressure
 .text.init_imu
                0x08004024       0x58 ./Core/Src/utils.o
                0x08004024                init_imu
 .text.read_imu
                0x0800407c       0xc4 ./Core/Src/utils.o
                0x0800407c                read_imu
 .text.LoRa_Receive
                0x08004140       0xb4 ./Core/Src/utils.o
                0x08004140                LoRa_Receive
 .text._write   0x080041f4       0x40 ./Core/Src/utils.o
                0x080041f4                _write
 .text.Buzzer_PWM_Init
                0x08004234       0xa0 ./Core/Src/utils.o
                0x08004234                Buzzer_PWM_Init
 .text.init_buzzer
                0x080042d4       0x88 ./Core/Src/utils.o
                0x080042d4                init_buzzer
 .text.stop_buzzer
                0x0800435c       0x6c ./Core/Src/utils.o
                0x0800435c                stop_buzzer
 .text.morse    0x080043c8      0x138 ./Core/Src/utils.o
                0x080043c8                morse
 .text.Reset_Handler
                0x08004500       0x50 ./Core/Startup/startup_stm32f767zitx.o
                0x08004500                Reset_Handler
 .text.Default_Handler
                0x08004550        0x2 ./Core/Startup/startup_stm32f767zitx.o
                0x08004550                RTC_Alarm_IRQHandler
                0x08004550                EXTI2_IRQHandler
                0x08004550                TIM8_CC_IRQHandler
                0x08004550                UART8_IRQHandler
                0x08004550                SPI4_IRQHandler
                0x08004550                TIM1_CC_IRQHandler
                0x08004550                DMA2_Stream5_IRQHandler
                0x08004550                JPEG_IRQHandler
                0x08004550                DMA1_Stream5_IRQHandler
                0x08004550                CAN3_RX1_IRQHandler
                0x08004550                PVD_IRQHandler
                0x08004550                TAMP_STAMP_IRQHandler
                0x08004550                CAN2_RX1_IRQHandler
                0x08004550                EXTI3_IRQHandler
                0x08004550                TIM8_TRG_COM_TIM14_IRQHandler
                0x08004550                DFSDM1_FLT1_IRQHandler
                0x08004550                TIM1_UP_TIM10_IRQHandler
                0x08004550                TIM8_UP_TIM13_IRQHandler
                0x08004550                I2C3_ER_IRQHandler
                0x08004550                DFSDM1_FLT2_IRQHandler
                0x08004550                EXTI0_IRQHandler
                0x08004550                I2C2_EV_IRQHandler
                0x08004550                DMA1_Stream2_IRQHandler
                0x08004550                CAN1_RX0_IRQHandler
                0x08004550                FPU_IRQHandler
                0x08004550                OTG_HS_WKUP_IRQHandler
                0x08004550                CAN3_SCE_IRQHandler
                0x08004550                LTDC_ER_IRQHandler
                0x08004550                CAN2_SCE_IRQHandler
                0x08004550                DMA2_Stream2_IRQHandler
                0x08004550                SPI1_IRQHandler
                0x08004550                TIM1_BRK_TIM9_IRQHandler
                0x08004550                DCMI_IRQHandler
                0x08004550                CAN2_RX0_IRQHandler
                0x08004550                DMA2_Stream3_IRQHandler
                0x08004550                SAI2_IRQHandler
                0x08004550                DFSDM1_FLT3_IRQHandler
                0x08004550                CAN3_RX0_IRQHandler
                0x08004550                CAN1_RX1_IRQHandler
                0x08004550                UART5_IRQHandler
                0x08004550                DMA2_Stream0_IRQHandler
                0x08004550                TIM4_IRQHandler
                0x08004550                QUADSPI_IRQHandler
                0x08004550                I2C1_EV_IRQHandler
                0x08004550                DMA1_Stream6_IRQHandler
                0x08004550                DMA1_Stream1_IRQHandler
                0x08004550                UART4_IRQHandler
                0x08004550                TIM3_IRQHandler
                0x08004550                RCC_IRQHandler
                0x08004550                TIM8_BRK_TIM12_IRQHandler
                0x08004550                Default_Handler
                0x08004550                CEC_IRQHandler
                0x08004550                EXTI15_10_IRQHandler
                0x08004550                ADC_IRQHandler
                0x08004550                DMA1_Stream7_IRQHandler
                0x08004550                SPI5_IRQHandler
                0x08004550                TIM7_IRQHandler
                0x08004550                SDMMC1_IRQHandler
                0x08004550                CAN2_TX_IRQHandler
                0x08004550                TIM5_IRQHandler
                0x08004550                DMA2_Stream7_IRQHandler
                0x08004550                I2C3_EV_IRQHandler
                0x08004550                EXTI9_5_IRQHandler
                0x08004550                RTC_WKUP_IRQHandler
                0x08004550                LTDC_IRQHandler
                0x08004550                ETH_WKUP_IRQHandler
                0x08004550                SPDIF_RX_IRQHandler
                0x08004550                SPI2_IRQHandler
                0x08004550                OTG_HS_EP1_IN_IRQHandler
                0x08004550                DMA1_Stream0_IRQHandler
                0x08004550                CAN1_TX_IRQHandler
                0x08004550                EXTI4_IRQHandler
                0x08004550                RNG_IRQHandler
                0x08004550                ETH_IRQHandler
                0x08004550                OTG_HS_EP1_OUT_IRQHandler
                0x08004550                WWDG_IRQHandler
                0x08004550                SPI6_IRQHandler
                0x08004550                MDIOS_IRQHandler
                0x08004550                I2C4_EV_IRQHandler
                0x08004550                CAN3_TX_IRQHandler
                0x08004550                TIM2_IRQHandler
                0x08004550                OTG_FS_WKUP_IRQHandler
                0x08004550                TIM1_TRG_COM_TIM11_IRQHandler
                0x08004550                OTG_HS_IRQHandler
                0x08004550                DMA2D_IRQHandler
                0x08004550                EXTI1_IRQHandler
                0x08004550                SDMMC2_IRQHandler
                0x08004550                UART7_IRQHandler
                0x08004550                USART2_IRQHandler
                0x08004550                DFSDM1_FLT0_IRQHandler
                0x08004550                I2C2_ER_IRQHandler
                0x08004550                DMA2_Stream1_IRQHandler
                0x08004550                CAN1_SCE_IRQHandler
                0x08004550                FLASH_IRQHandler
                0x08004550                DMA2_Stream4_IRQHandler
                0x08004550                USART1_IRQHandler
                0x08004550                OTG_FS_IRQHandler
                0x08004550                SPI3_IRQHandler
                0x08004550                DMA1_Stream4_IRQHandler
                0x08004550                I2C1_ER_IRQHandler
                0x08004550                FMC_IRQHandler
                0x08004550                LPTIM1_IRQHandler
                0x08004550                I2C4_ER_IRQHandler
                0x08004550                DMA2_Stream6_IRQHandler
                0x08004550                SAI1_IRQHandler
                0x08004550                DMA1_Stream3_IRQHandler
 .text.HAL_Init
                0x08004552       0x1a ./Drivers/STM32F7xx_HAL_Driver/Src/stm32f7xx_hal.o
                0x08004552                HAL_Init
 .text.HAL_IncTick
                0x0800456c       0x28 ./Drivers/STM32F7xx_HAL_Driver/Src/stm32f7xx_hal.o
                0x0800456c                HAL_IncTick
 .text.HAL_GetTick
                0x08004594       0x18 ./Drivers/STM32F7xx_HAL_Driver/Src/stm32f7xx_hal.o
                0x08004594                HAL_GetTick
 .text.HAL_Delay
                0x080045ac       0x48 ./Drivers/STM32F7xx_HAL_Driver/Src/stm32f7xx_hal.o
                0x080045ac                HAL_Delay
 .text.__NVIC_SetPriorityGrouping
                0x080045f4       0x48 ./Drivers/STM32F7xx_HAL_Driver/Src/stm32f7xx_hal_cortex.o
 .text.__NVIC_GetPriorityGrouping
                0x0800463c       0x1c ./Drivers/STM32F7xx_HAL_Driver/Src/stm32f7xx_hal_cortex.o
 .text.__NVIC_EnableIRQ
                0x08004658       0x3c ./Drivers/STM32F7xx_HAL_Driver/Src/stm32f7xx_hal_cortex.o
 .text.__NVIC_SetPriority
                0x08004694       0x54 ./Drivers/STM32F7xx_HAL_Driver/Src/stm32f7xx_hal_cortex.o
 .text.NVIC_EncodePriority
                0x080046e8       0x66 ./Drivers/STM32F7xx_HAL_Driver/Src/stm32f7xx_hal_cortex.o
 .text.HAL_NVIC_SetPriorityGrouping
                0x0800474e       0x16 ./Drivers/STM32F7xx_HAL_Driver/Src/stm32f7xx_hal_cortex.o
                0x0800474e                HAL_NVIC_SetPriorityGrouping
 .text.HAL_NVIC_SetPriority
                0x08004764       0x38 ./Drivers/STM32F7xx_HAL_Driver/Src/stm32f7xx_hal_cortex.o
                0x08004764                HAL_NVIC_SetPriority
 .text.HAL_NVIC_EnableIRQ
                0x0800479c       0x1c ./Drivers/STM32F7xx_HAL_Driver/Src/stm32f7xx_hal_cortex.o
                0x0800479c                HAL_NVIC_EnableIRQ
 .text.HAL_DMA_Abort
                0x080047b8       0xe0 ./Drivers/STM32F7xx_HAL_Driver/Src/stm32f7xx_hal_dma.o
                0x080047b8                HAL_DMA_Abort
 .text.HAL_DMA_Abort_IT
                0x08004898       0x44 ./Drivers/STM32F7xx_HAL_Driver/Src/stm32f7xx_hal_dma.o
                0x08004898                HAL_DMA_Abort_IT
 .text.HAL_GPIO_Init
                0x080048dc      0x358 ./Drivers/STM32F7xx_HAL_Driver/Src/stm32f7xx_hal_gpio.o
                0x080048dc                HAL_GPIO_Init
 .text.HAL_GPIO_ReadPin
                0x08004c34       0x30 ./Drivers/STM32F7xx_HAL_Driver/Src/stm32f7xx_hal_gpio.o
                0x08004c34                HAL_GPIO_ReadPin
 .text.HAL_GPIO_WritePin
                0x08004c64       0x32 ./Drivers/STM32F7xx_HAL_Driver/Src/stm32f7xx_hal_gpio.o
                0x08004c64                HAL_GPIO_WritePin
 *fill*         0x08004c96        0x2 
 .text.HAL_I2C_Init
                0x08004c98      0x138 ./Drivers/STM32F7xx_HAL_Driver/Src/stm32f7xx_hal_i2c.o
                0x08004c98                HAL_I2C_Init
 .text.HAL_I2C_Mem_Write
                0x08004dd0      0x228 ./Drivers/STM32F7xx_HAL_Driver/Src/stm32f7xx_hal_i2c.o
                0x08004dd0                HAL_I2C_Mem_Write
 .text.HAL_I2C_Mem_Read
                0x08004ff8      0x234 ./Drivers/STM32F7xx_HAL_Driver/Src/stm32f7xx_hal_i2c.o
                0x08004ff8                HAL_I2C_Mem_Read
 .text.I2C_RequestMemoryWrite
                0x0800522c       0xa8 ./Drivers/STM32F7xx_HAL_Driver/Src/stm32f7xx_hal_i2c.o
 .text.I2C_RequestMemoryRead
                0x080052d4       0xa8 ./Drivers/STM32F7xx_HAL_Driver/Src/stm32f7xx_hal_i2c.o
 .text.I2C_Flush_TXDR
                0x0800537c       0x48 ./Drivers/STM32F7xx_HAL_Driver/Src/stm32f7xx_hal_i2c.o
 .text.I2C_WaitOnFlagUntilTimeout
                0x080053c4       0xb2 ./Drivers/STM32F7xx_HAL_Driver/Src/stm32f7xx_hal_i2c.o
 .text.I2C_WaitOnTXISFlagUntilTimeout
                0x08005476       0x8e ./Drivers/STM32F7xx_HAL_Driver/Src/stm32f7xx_hal_i2c.o
 .text.I2C_WaitOnSTOPFlagUntilTimeout
                0x08005504       0x86 ./Drivers/STM32F7xx_HAL_Driver/Src/stm32f7xx_hal_i2c.o
 *fill*         0x0800558a        0x2 
 .text.I2C_IsErrorOccurred
                0x0800558c      0x1c0 ./Drivers/STM32F7xx_HAL_Driver/Src/stm32f7xx_hal_i2c.o
 .text.I2C_TransferConfig
                0x0800574c       0x64 ./Drivers/STM32F7xx_HAL_Driver/Src/stm32f7xx_hal_i2c.o
 .text.HAL_I2CEx_ConfigAnalogFilter
                0x080057b0       0x96 ./Drivers/STM32F7xx_HAL_Driver/Src/stm32f7xx_hal_i2c_ex.o
                0x080057b0                HAL_I2CEx_ConfigAnalogFilter
 .text.HAL_I2CEx_ConfigDigitalFilter
                0x08005846       0x98 ./Drivers/STM32F7xx_HAL_Driver/Src/stm32f7xx_hal_i2c_ex.o
                0x08005846                HAL_I2CEx_ConfigDigitalFilter
 *fill*         0x080058de        0x2 
 .text.HAL_PWR_EnableBkUpAccess
                0x080058e0       0x20 ./Drivers/STM32F7xx_HAL_Driver/Src/stm32f7xx_hal_pwr.o
                0x080058e0                HAL_PWR_EnableBkUpAccess
 .text.HAL_PWREx_EnableOverDrive
                0x08005900       0xa0 ./Drivers/STM32F7xx_HAL_Driver/Src/stm32f7xx_hal_pwr_ex.o
                0x08005900                HAL_PWREx_EnableOverDrive
 .text.HAL_RCC_OscConfig
                0x080059a0      0x55c ./Drivers/STM32F7xx_HAL_Driver/Src/stm32f7xx_hal_rcc.o
                0x080059a0                HAL_RCC_OscConfig
 .text.HAL_RCC_ClockConfig
                0x08005efc      0x1d8 ./Drivers/STM32F7xx_HAL_Driver/Src/stm32f7xx_hal_rcc.o
                0x08005efc                HAL_RCC_ClockConfig
 .text.HAL_RCC_GetSysClockFreq
                0x080060d4      0x20c ./Drivers/STM32F7xx_HAL_Driver/Src/stm32f7xx_hal_rcc.o
                0x080060d4                HAL_RCC_GetSysClockFreq
 .text.HAL_RCC_GetHCLKFreq
                0x080062e0       0x18 ./Drivers/STM32F7xx_HAL_Driver/Src/stm32f7xx_hal_rcc.o
                0x080062e0                HAL_RCC_GetHCLKFreq
 .text.HAL_RCC_GetPCLK1Freq
                0x080062f8       0x28 ./Drivers/STM32F7xx_HAL_Driver/Src/stm32f7xx_hal_rcc.o
                0x080062f8                HAL_RCC_GetPCLK1Freq
 .text.HAL_RCC_GetPCLK2Freq
                0x08006320       0x28 ./Drivers/STM32F7xx_HAL_Driver/Src/stm32f7xx_hal_rcc.o
                0x08006320                HAL_RCC_GetPCLK2Freq
 .text.HAL_RCC_GetClockConfig
                0x08006348       0x64 ./Drivers/STM32F7xx_HAL_Driver/Src/stm32f7xx_hal_rcc.o
                0x08006348                HAL_RCC_GetClockConfig
 .text.HAL_RCCEx_PeriphCLKConfig
                0x080063ac      0x850 ./Drivers/STM32F7xx_HAL_Driver/Src/stm32f7xx_hal_rcc_ex.o
                0x080063ac                HAL_RCCEx_PeriphCLKConfig
 .text.HAL_SPI_Init
                0x08006bfc      0x156 ./Drivers/STM32F7xx_HAL_Driver/Src/stm32f7xx_hal_spi.o
                0x08006bfc                HAL_SPI_Init
 .text.HAL_SPI_Transmit
                0x08006d52      0x2ea ./Drivers/STM32F7xx_HAL_Driver/Src/stm32f7xx_hal_spi.o
                0x08006d52                HAL_SPI_Transmit
 .text.HAL_SPI_TransmitReceive
                0x0800703c      0x444 ./Drivers/STM32F7xx_HAL_Driver/Src/stm32f7xx_hal_spi.o
                0x0800703c                HAL_SPI_TransmitReceive
 .text.HAL_SPI_GetState
                0x08007480       0x1c ./Drivers/STM32F7xx_HAL_Driver/Src/stm32f7xx_hal_spi.o
                0x08007480                HAL_SPI_GetState
 .text.SPI_WaitFlagStateUntilTimeout
                0x0800749c      0x110 ./Drivers/STM32F7xx_HAL_Driver/Src/stm32f7xx_hal_spi.o
 .text.SPI_WaitFifoStateUntilTimeout
                0x080075ac      0x12c ./Drivers/STM32F7xx_HAL_Driver/Src/stm32f7xx_hal_spi.o
 .text.SPI_EndRxTxTransaction
                0x080076d8       0xd4 ./Drivers/STM32F7xx_HAL_Driver/Src/stm32f7xx_hal_spi.o
 .text.HAL_TIM_Base_Init
                0x080077ac       0xae ./Drivers/STM32F7xx_HAL_Driver/Src/stm32f7xx_hal_tim.o
                0x080077ac                HAL_TIM_Base_Init
 .text.HAL_TIM_Base_MspInit
                0x0800785a       0x14 ./Drivers/STM32F7xx_HAL_Driver/Src/stm32f7xx_hal_tim.o
                0x0800785a                HAL_TIM_Base_MspInit
 *fill*         0x0800786e        0x2 
 .text.HAL_TIM_Base_Start_IT
                0x08007870       0xf0 ./Drivers/STM32F7xx_HAL_Driver/Src/stm32f7xx_hal_tim.o
                0x08007870                HAL_TIM_Base_Start_IT
 .text.HAL_TIM_PWM_Init
                0x08007960       0xae ./Drivers/STM32F7xx_HAL_Driver/Src/stm32f7xx_hal_tim.o
                0x08007960                HAL_TIM_PWM_Init
 *fill*         0x08007a0e        0x2 
 .text.HAL_TIM_PWM_Start
                0x08007a10      0x1f4 ./Drivers/STM32F7xx_HAL_Driver/Src/stm32f7xx_hal_tim.o
                0x08007a10                HAL_TIM_PWM_Start
 .text.HAL_TIM_IRQHandler
                0x08007c04      0x20e ./Drivers/STM32F7xx_HAL_Driver/Src/stm32f7xx_hal_tim.o
                0x08007c04                HAL_TIM_IRQHandler
 *fill*         0x08007e12        0x2 
 .text.HAL_TIM_PWM_ConfigChannel
                0x08007e14      0x228 ./Drivers/STM32F7xx_HAL_Driver/Src/stm32f7xx_hal_tim.o
                0x08007e14                HAL_TIM_PWM_ConfigChannel
 .text.HAL_TIM_OC_DelayElapsedCallback
                0x0800803c       0x14 ./Drivers/STM32F7xx_HAL_Driver/Src/stm32f7xx_hal_tim.o
                0x0800803c                HAL_TIM_OC_DelayElapsedCallback
 .text.HAL_TIM_IC_CaptureCallback
                0x08008050       0x14 ./Drivers/STM32F7xx_HAL_Driver/Src/stm32f7xx_hal_tim.o
                0x08008050                HAL_TIM_IC_CaptureCallback
 .text.HAL_TIM_PWM_PulseFinishedCallback
                0x08008064       0x14 ./Drivers/STM32F7xx_HAL_Driver/Src/stm32f7xx_hal_tim.o
                0x08008064                HAL_TIM_PWM_PulseFinishedCallback
 .text.HAL_TIM_TriggerCallback
                0x08008078       0x14 ./Drivers/STM32F7xx_HAL_Driver/Src/stm32f7xx_hal_tim.o
                0x08008078                HAL_TIM_TriggerCallback
 .text.TIM_Base_SetConfig
                0x0800808c      0x158 ./Drivers/STM32F7xx_HAL_Driver/Src/stm32f7xx_hal_tim.o
                0x0800808c                TIM_Base_SetConfig
 .text.TIM_OC1_SetConfig
                0x080081e4       0xe4 ./Drivers/STM32F7xx_HAL_Driver/Src/stm32f7xx_hal_tim.o
 .text.TIM_OC2_SetConfig
                0x080082c8       0xf0 ./Drivers/STM32F7xx_HAL_Driver/Src/stm32f7xx_hal_tim.o
                0x080082c8                TIM_OC2_SetConfig
 .text.TIM_OC3_SetConfig
                0x080083b8       0xec ./Drivers/STM32F7xx_HAL_Driver/Src/stm32f7xx_hal_tim.o
 .text.TIM_OC4_SetConfig
                0x080084a4       0xb0 ./Drivers/STM32F7xx_HAL_Driver/Src/stm32f7xx_hal_tim.o
 .text.TIM_OC5_SetConfig
                0x08008554       0xa4 ./Drivers/STM32F7xx_HAL_Driver/Src/stm32f7xx_hal_tim.o
 .text.TIM_OC6_SetConfig
                0x080085f8       0xa8 ./Drivers/STM32F7xx_HAL_Driver/Src/stm32f7xx_hal_tim.o
 .text.TIM_CCxChannelCmd
                0x080086a0       0x4a ./Drivers/STM32F7xx_HAL_Driver/Src/stm32f7xx_hal_tim.o
                0x080086a0                TIM_CCxChannelCmd
 *fill*         0x080086ea        0x2 
 .text.HAL_TIMEx_MasterConfigSynchronization
                0x080086ec      0x11c ./Drivers/STM32F7xx_HAL_Driver/Src/stm32f7xx_hal_tim_ex.o
                0x080086ec                HAL_TIMEx_MasterConfigSynchronization
 .text.HAL_TIMEx_ConfigBreakDeadTime
                0x08008808       0xfc ./Drivers/STM32F7xx_HAL_Driver/Src/stm32f7xx_hal_tim_ex.o
                0x08008808                HAL_TIMEx_ConfigBreakDeadTime
 .text.HAL_TIMEx_CommutCallback
                0x08008904       0x14 ./Drivers/STM32F7xx_HAL_Driver/Src/stm32f7xx_hal_tim_ex.o
                0x08008904                HAL_TIMEx_CommutCallback
 .text.HAL_TIMEx_BreakCallback
                0x08008918       0x14 ./Drivers/STM32F7xx_HAL_Driver/Src/stm32f7xx_hal_tim_ex.o
                0x08008918                HAL_TIMEx_BreakCallback
 .text.HAL_TIMEx_Break2Callback
                0x0800892c       0x14 ./Drivers/STM32F7xx_HAL_Driver/Src/stm32f7xx_hal_tim_ex.o
                0x0800892c                HAL_TIMEx_Break2Callback
 .text.HAL_UART_Init
                0x08008940       0x9c ./Drivers/STM32F7xx_HAL_Driver/Src/stm32f7xx_hal_uart.o
                0x08008940                HAL_UART_Init
 .text.HAL_UART_Transmit
                0x080089dc      0x112 ./Drivers/STM32F7xx_HAL_Driver/Src/stm32f7xx_hal_uart.o
                0x080089dc                HAL_UART_Transmit
 *fill*         0x08008aee        0x2 
 .text.HAL_UART_Transmit_IT
                0x08008af0       0xbc ./Drivers/STM32F7xx_HAL_Driver/Src/stm32f7xx_hal_uart.o
                0x08008af0                HAL_UART_Transmit_IT
 .text.HAL_UART_Receive_IT
                0x08008bac       0x88 ./Drivers/STM32F7xx_HAL_Driver/Src/stm32f7xx_hal_uart.o
                0x08008bac                HAL_UART_Receive_IT
 .text.HAL_UART_IRQHandler
                0x08008c34      0x5d0 ./Drivers/STM32F7xx_HAL_Driver/Src/stm32f7xx_hal_uart.o
                0x08008c34                HAL_UART_IRQHandler
 .text.HAL_UART_TxCpltCallback
                0x08009204       0x14 ./Drivers/STM32F7xx_HAL_Driver/Src/stm32f7xx_hal_uart.o
                0x08009204                HAL_UART_TxCpltCallback
 .text.HAL_UART_ErrorCallback
                0x08009218       0x14 ./Drivers/STM32F7xx_HAL_Driver/Src/stm32f7xx_hal_uart.o
                0x08009218                HAL_UART_ErrorCallback
 .text.HAL_UARTEx_RxEventCallback
                0x0800922c       0x18 ./Drivers/STM32F7xx_HAL_Driver/Src/stm32f7xx_hal_uart.o
                0x0800922c                HAL_UARTEx_RxEventCallback
 .text.HAL_UARTEx_WakeupCallback
                0x08009244       0x14 ./Drivers/STM32F7xx_HAL_Driver/Src/stm32f7xx_hal_uart.o
                0x08009244                HAL_UARTEx_WakeupCallback
 .text.UART_SetConfig
                0x08009258      0x4c8 ./Drivers/STM32F7xx_HAL_Driver/Src/stm32f7xx_hal_uart.o
                0x08009258                UART_SetConfig
 .text.UART_AdvFeatureConfig
                0x08009720      0x144 ./Drivers/STM32F7xx_HAL_Driver/Src/stm32f7xx_hal_uart.o
                0x08009720                UART_AdvFeatureConfig
 .text.UART_CheckIdleState
                0x08009864      0x150 ./Drivers/STM32F7xx_HAL_Driver/Src/stm32f7xx_hal_uart.o
                0x08009864                UART_CheckIdleState
 .text.UART_WaitOnFlagUntilTimeout
                0x080099b4       0xda ./Drivers/STM32F7xx_HAL_Driver/Src/stm32f7xx_hal_uart.o
                0x080099b4                UART_WaitOnFlagUntilTimeout
 *fill*         0x08009a8e        0x2 
 .text.UART_Start_Receive_IT
                0x08009a90      0x18c ./Drivers/STM32F7xx_HAL_Driver/Src/stm32f7xx_hal_uart.o
                0x08009a90                UART_Start_Receive_IT
 .text.UART_EndRxTransfer
                0x08009c1c       0xc8 ./Drivers/STM32F7xx_HAL_Driver/Src/stm32f7xx_hal_uart.o
 .text.UART_DMAAbortOnError
                0x08009ce4       0x2c ./Drivers/STM32F7xx_HAL_Driver/Src/stm32f7xx_hal_uart.o
 .text.UART_TxISR_8BIT
                0x08009d10       0xb6 ./Drivers/STM32F7xx_HAL_Driver/Src/stm32f7xx_hal_uart.o
 .text.UART_TxISR_16BIT
                0x08009dc6       0xc0 ./Drivers/STM32F7xx_HAL_Driver/Src/stm32f7xx_hal_uart.o
 .text.UART_EndTransmit_IT
                0x08009e86       0x54 ./Drivers/STM32F7xx_HAL_Driver/Src/stm32f7xx_hal_uart.o
 .text.UART_RxISR_8BIT
                0x08009eda      0x1a8 ./Drivers/STM32F7xx_HAL_Driver/Src/stm32f7xx_hal_uart.o
 .text.UART_RxISR_16BIT
                0x0800a082      0x1a8 ./Drivers/STM32F7xx_HAL_Driver/Src/stm32f7xx_hal_uart.o
 .text.makeFreeRtosPriority
                0x0800a22a       0x30 ./Middlewares/Third_Party/FreeRTOS/Source/CMSIS_RTOS/cmsis_os.o
 .text.inHandlerMode
                0x0800a25a       0x24 ./Middlewares/Third_Party/FreeRTOS/Source/CMSIS_RTOS/cmsis_os.o
 .text.osKernelStart
                0x0800a27e        0xe ./Middlewares/Third_Party/FreeRTOS/Source/CMSIS_RTOS/cmsis_os.o
                0x0800a27e                osKernelStart
 .text.osThreadCreate
                0x0800a28c       0x98 ./Middlewares/Third_Party/FreeRTOS/Source/CMSIS_RTOS/cmsis_os.o
                0x0800a28c                osThreadCreate
 .text.osDelay  0x0800a324       0x28 ./Middlewares/Third_Party/FreeRTOS/Source/CMSIS_RTOS/cmsis_os.o
                0x0800a324                osDelay
 .text.osMessageCreate
                0x0800a34c       0x50 ./Middlewares/Third_Party/FreeRTOS/Source/CMSIS_RTOS/cmsis_os.o
                0x0800a34c                osMessageCreate
 .text.osMessageGet
                0x0800a39c       0xe8 ./Middlewares/Third_Party/FreeRTOS/Source/CMSIS_RTOS/cmsis_os.o
                0x0800a39c                osMessageGet
 .text.vListInitialise
                0x0800a484       0x40 ./Middlewares/Third_Party/FreeRTOS/Source/list.o
                0x0800a484                vListInitialise
 .text.vListInitialiseItem
                0x0800a4c4       0x1a ./Middlewares/Third_Party/FreeRTOS/Source/list.o
                0x0800a4c4                vListInitialiseItem
 .text.vListInsertEnd
                0x0800a4de       0x48 ./Middlewares/Third_Party/FreeRTOS/Source/list.o
                0x0800a4de                vListInsertEnd
 .text.vListInsert
                0x0800a526       0x72 ./Middlewares/Third_Party/FreeRTOS/Source/list.o
                0x0800a526                vListInsert
 .text.uxListRemove
                0x0800a598       0x54 ./Middlewares/Third_Party/FreeRTOS/Source/list.o
                0x0800a598                uxListRemove
 .text.xQueueGenericReset
                0x0800a5ec       0xd8 ./Middlewares/Third_Party/FreeRTOS/Source/queue.o
                0x0800a5ec                xQueueGenericReset
 .text.xQueueGenericCreateStatic
                0x0800a6c4      0x10e ./Middlewares/Third_Party/FreeRTOS/Source/queue.o
                0x0800a6c4                xQueueGenericCreateStatic
 .text.xQueueGenericCreate
                0x0800a7d2       0x86 ./Middlewares/Third_Party/FreeRTOS/Source/queue.o
                0x0800a7d2                xQueueGenericCreate
 .text.prvInitialiseNewQueue
                0x0800a858       0x3e ./Middlewares/Third_Party/FreeRTOS/Source/queue.o
 *fill*         0x0800a896        0x2 
 .text.xQueueReceive
                0x0800a898      0x1d0 ./Middlewares/Third_Party/FreeRTOS/Source/queue.o
                0x0800a898                xQueueReceive
 .text.xQueueReceiveFromISR
                0x0800aa68      0x110 ./Middlewares/Third_Party/FreeRTOS/Source/queue.o
                0x0800aa68                xQueueReceiveFromISR
 .text.prvCopyDataFromQueue
                0x0800ab78       0x4c ./Middlewares/Third_Party/FreeRTOS/Source/queue.o
 .text.prvUnlockQueue
                0x0800abc4       0xa4 ./Middlewares/Third_Party/FreeRTOS/Source/queue.o
 .text.prvIsQueueEmpty
                0x0800ac68       0x2c ./Middlewares/Third_Party/FreeRTOS/Source/queue.o
 .text.xTaskCreateStatic
                0x0800ac94       0xcc ./Middlewares/Third_Party/FreeRTOS/Source/tasks.o
                0x0800ac94                xTaskCreateStatic
 .text.xTaskCreate
                0x0800ad60       0x8a ./Middlewares/Third_Party/FreeRTOS/Source/tasks.o
                0x0800ad60                xTaskCreate
 *fill*         0x0800adea        0x2 
 .text.prvInitialiseNewTask
                0x0800adec      0x144 ./Middlewares/Third_Party/FreeRTOS/Source/tasks.o
 .text.prvAddNewTaskToReadyList
                0x0800af30       0xd4 ./Middlewares/Third_Party/FreeRTOS/Source/tasks.o
 .text.vTaskDelay
                0x0800b004       0x70 ./Middlewares/Third_Party/FreeRTOS/Source/tasks.o
                0x0800b004                vTaskDelay
 .text.vTaskStartScheduler
                0x0800b074       0xdc ./Middlewares/Third_Party/FreeRTOS/Source/tasks.o
                0x0800b074                vTaskStartScheduler
 .text.vTaskSuspendAll
                0x0800b150       0x1c ./Middlewares/Third_Party/FreeRTOS/Source/tasks.o
                0x0800b150                vTaskSuspendAll
 .text.xTaskResumeAll
                0x0800b16c      0x140 ./Middlewares/Third_Party/FreeRTOS/Source/tasks.o
                0x0800b16c                xTaskResumeAll
 .text.xTaskIncrementTick
                0x0800b2ac      0x178 ./Middlewares/Third_Party/FreeRTOS/Source/tasks.o
                0x0800b2ac                xTaskIncrementTick
 .text.vTaskSwitchContext
                0x0800b424       0xcc ./Middlewares/Third_Party/FreeRTOS/Source/tasks.o
                0x0800b424                vTaskSwitchContext
 .text.vTaskPlaceOnEventList
                0x0800b4f0       0x50 ./Middlewares/Third_Party/FreeRTOS/Source/tasks.o
                0x0800b4f0                vTaskPlaceOnEventList
 .text.xTaskRemoveFromEventList
                0x0800b540       0xcc ./Middlewares/Third_Party/FreeRTOS/Source/tasks.o
                0x0800b540                xTaskRemoveFromEventList
 .text.vTaskInternalSetTimeOutState
                0x0800b60c       0x2c ./Middlewares/Third_Party/FreeRTOS/Source/tasks.o
                0x0800b60c                vTaskInternalSetTimeOutState
 .text.xTaskCheckForTimeOut
                0x0800b638       0xd0 ./Middlewares/Third_Party/FreeRTOS/Source/tasks.o
                0x0800b638                xTaskCheckForTimeOut
 .text.vTaskMissedYield
                0x0800b708       0x18 ./Middlewares/Third_Party/FreeRTOS/Source/tasks.o
                0x0800b708                vTaskMissedYield
 .text.prvIdleTask
                0x0800b720       0x30 ./Middlewares/Third_Party/FreeRTOS/Source/tasks.o
 .text.prvInitialiseTaskLists
                0x0800b750       0x80 ./Middlewares/Third_Party/FreeRTOS/Source/tasks.o
 .text.prvCheckTasksWaitingTermination
                0x0800b7d0       0x5c ./Middlewares/Third_Party/FreeRTOS/Source/tasks.o
 .text.prvDeleteTCB
                0x0800b82c       0x6e ./Middlewares/Third_Party/FreeRTOS/Source/tasks.o
 *fill*         0x0800b89a        0x2 
 .text.prvResetNextTaskUnblockTime
                0x0800b89c       0x40 ./Middlewares/Third_Party/FreeRTOS/Source/tasks.o
 .text.xTaskGetSchedulerState
                0x0800b8dc       0x3c ./Middlewares/Third_Party/FreeRTOS/Source/tasks.o
                0x0800b8dc                xTaskGetSchedulerState
 .text.prvAddCurrentTaskToDelayedList
                0x0800b918       0xcc ./Middlewares/Third_Party/FreeRTOS/Source/tasks.o
 .text.pxPortInitialiseStack
                0x0800b9e4       0x68 ./Middlewares/Third_Party/FreeRTOS/Source/portable/GCC/ARM_CM7/r0p1/port.o
                0x0800b9e4                pxPortInitialiseStack
 .text.prvTaskExitError
                0x0800ba4c       0x64 ./Middlewares/Third_Party/FreeRTOS/Source/portable/GCC/ARM_CM7/r0p1/port.o
 .text.SVC_Handler
                0x0800bab0       0x28 ./Middlewares/Third_Party/FreeRTOS/Source/portable/GCC/ARM_CM7/r0p1/port.o
                0x0800bab0                SVC_Handler
 .text.prvPortStartFirstTask
                0x0800bad8       0x28 ./Middlewares/Third_Party/FreeRTOS/Source/portable/GCC/ARM_CM7/r0p1/port.o
 .text.xPortStartScheduler
                0x0800bb00       0xfc ./Middlewares/Third_Party/FreeRTOS/Source/portable/GCC/ARM_CM7/r0p1/port.o
                0x0800bb00                xPortStartScheduler
 .text.vPortEnterCritical
                0x0800bbfc       0x6c ./Middlewares/Third_Party/FreeRTOS/Source/portable/GCC/ARM_CM7/r0p1/port.o
                0x0800bbfc                vPortEnterCritical
 .text.vPortExitCritical
                0x0800bc68       0x58 ./Middlewares/Third_Party/FreeRTOS/Source/portable/GCC/ARM_CM7/r0p1/port.o
                0x0800bc68                vPortExitCritical
 .text.PendSV_Handler
                0x0800bcc0       0x68 ./Middlewares/Third_Party/FreeRTOS/Source/portable/GCC/ARM_CM7/r0p1/port.o
                0x0800bcc0                PendSV_Handler
 .text.SysTick_Handler
                0x0800bd28       0x48 ./Middlewares/Third_Party/FreeRTOS/Source/portable/GCC/ARM_CM7/r0p1/port.o
                0x0800bd28                SysTick_Handler
 .text.vPortSetupTimerInterrupt
                0x0800bd70       0x48 ./Middlewares/Third_Party/FreeRTOS/Source/portable/GCC/ARM_CM7/r0p1/port.o
                0x0800bd70                vPortSetupTimerInterrupt
 .text.vPortEnableVFP
                0x0800bdb8       0x14 ./Middlewares/Third_Party/FreeRTOS/Source/portable/GCC/ARM_CM7/r0p1/port.o
 .text.vPortValidateInterruptPriority
                0x0800bdcc       0x8c ./Middlewares/Third_Party/FreeRTOS/Source/portable/GCC/ARM_CM7/r0p1/port.o
                0x0800bdcc                vPortValidateInterruptPriority
 .text.pvPortMalloc
                0x0800be58      0x19c ./Middlewares/Third_Party/FreeRTOS/Source/portable/MemMang/heap_4.o
                0x0800be58                pvPortMalloc
 .text.vPortFree
                0x0800bff4       0xc0 ./Middlewares/Third_Party/FreeRTOS/Source/portable/MemMang/heap_4.o
                0x0800bff4                vPortFree
 .text.prvHeapInit
                0x0800c0b4       0xc4 ./Middlewares/Third_Party/FreeRTOS/Source/portable/MemMang/heap_4.o
 .text.prvInsertBlockIntoFreeList
                0x0800c178       0xb4 ./Middlewares/Third_Party/FreeRTOS/Source/portable/MemMang/heap_4.o
 .text.atoi     0x0800c22c        0x8 C:/ST/STM32CubeIDE_1.16.1/STM32CubeIDE/plugins/com.st.stm32cube.ide.mcu.externaltools.gnu-tools-for-stm32.12.3.rel1.win32_1.0.200.202406191623/tools/bin/../lib/gcc/arm-none-eabi/12.3.1/../../../../arm-none-eabi/lib/thumb/v7e-m+dp/hard\libc_nano.a(libc_a-atoi.o)
                0x0800c22c                atoi
 .text._strtol_l.constprop.0
                0x0800c234       0xf4 C:/ST/STM32CubeIDE_1.16.1/STM32CubeIDE/plugins/com.st.stm32cube.ide.mcu.externaltools.gnu-tools-for-stm32.12.3.rel1.win32_1.0.200.202406191623/tools/bin/../lib/gcc/arm-none-eabi/12.3.1/../../../../arm-none-eabi/lib/thumb/v7e-m+dp/hard\libc_nano.a(libc_a-strtol.o)
 .text._strtol_r
                0x0800c328        0x4 C:/ST/STM32CubeIDE_1.16.1/STM32CubeIDE/plugins/com.st.stm32cube.ide.mcu.externaltools.gnu-tools-for-stm32.12.3.rel1.win32_1.0.200.202406191623/tools/bin/../lib/gcc/arm-none-eabi/12.3.1/../../../../arm-none-eabi/lib/thumb/v7e-m+dp/hard\libc_nano.a(libc_a-strtol.o)
                0x0800c328                _strtol_r
 .text.strtol   0x0800c32c       0x14 C:/ST/STM32CubeIDE_1.16.1/STM32CubeIDE/plugins/com.st.stm32cube.ide.mcu.externaltools.gnu-tools-for-stm32.12.3.rel1.win32_1.0.200.202406191623/tools/bin/../lib/gcc/arm-none-eabi/12.3.1/../../../../arm-none-eabi/lib/thumb/v7e-m+dp/hard\libc_nano.a(libc_a-strtol.o)
                0x0800c32c                strtol
 .text.__cvt    0x0800c340       0xa8 C:/ST/STM32CubeIDE_1.16.1/STM32CubeIDE/plugins/com.st.stm32cube.ide.mcu.externaltools.gnu-tools-for-stm32.12.3.rel1.win32_1.0.200.202406191623/tools/bin/../lib/gcc/arm-none-eabi/12.3.1/../../../../arm-none-eabi/lib/thumb/v7e-m+dp/hard\libc_nano.a(libc_a-nano-vfprintf_float.o)
                0x0800c340                __cvt
 .text.__exponent
                0x0800c3e8       0x74 C:/ST/STM32CubeIDE_1.16.1/STM32CubeIDE/plugins/com.st.stm32cube.ide.mcu.externaltools.gnu-tools-for-stm32.12.3.rel1.win32_1.0.200.202406191623/tools/bin/../lib/gcc/arm-none-eabi/12.3.1/../../../../arm-none-eabi/lib/thumb/v7e-m+dp/hard\libc_nano.a(libc_a-nano-vfprintf_float.o)
                0x0800c3e8                __exponent
 *fill*         0x0800c45c        0x4 
 .text._printf_float
                0x0800c460      0x434 C:/ST/STM32CubeIDE_1.16.1/STM32CubeIDE/plugins/com.st.stm32cube.ide.mcu.externaltools.gnu-tools-for-stm32.12.3.rel1.win32_1.0.200.202406191623/tools/bin/../lib/gcc/arm-none-eabi/12.3.1/../../../../arm-none-eabi/lib/thumb/v7e-m+dp/hard\libc_nano.a(libc_a-nano-vfprintf_float.o)
                0x0800c460                _printf_float
 .text._printf_common
                0x0800c894       0xda C:/ST/STM32CubeIDE_1.16.1/STM32CubeIDE/plugins/com.st.stm32cube.ide.mcu.externaltools.gnu-tools-for-stm32.12.3.rel1.win32_1.0.200.202406191623/tools/bin/../lib/gcc/arm-none-eabi/12.3.1/../../../../arm-none-eabi/lib/thumb/v7e-m+dp/hard\libc_nano.a(libc_a-nano-vfprintf_i.o)
                0x0800c894                _printf_common
 *fill*         0x0800c96e        0x2 
 .text._printf_i
                0x0800c970      0x240 C:/ST/STM32CubeIDE_1.16.1/STM32CubeIDE/plugins/com.st.stm32cube.ide.mcu.externaltools.gnu-tools-for-stm32.12.3.rel1.win32_1.0.200.202406191623/tools/bin/../lib/gcc/arm-none-eabi/12.3.1/../../../../arm-none-eabi/lib/thumb/v7e-m+dp/hard\libc_nano.a(libc_a-nano-vfprintf_i.o)
                0x0800c970                _printf_i
 .text._scanf_float
                0x0800cbb0      0x418 C:/ST/STM32CubeIDE_1.16.1/STM32CubeIDE/plugins/com.st.stm32cube.ide.mcu.externaltools.gnu-tools-for-stm32.12.3.rel1.win32_1.0.200.202406191623/tools/bin/../lib/gcc/arm-none-eabi/12.3.1/../../../../arm-none-eabi/lib/thumb/v7e-m+dp/hard\libc_nano.a(libc_a-nano-vfscanf_float.o)
                0x0800cbb0                _scanf_float
 .text.std      0x0800cfc8       0x6c C:/ST/STM32CubeIDE_1.16.1/STM32CubeIDE/plugins/com.st.stm32cube.ide.mcu.externaltools.gnu-tools-for-stm32.12.3.rel1.win32_1.0.200.202406191623/tools/bin/../lib/gcc/arm-none-eabi/12.3.1/../../../../arm-none-eabi/lib/thumb/v7e-m+dp/hard\libc_nano.a(libc_a-findfp.o)
 .text.stdio_exit_handler
                0x0800d034       0x18 C:/ST/STM32CubeIDE_1.16.1/STM32CubeIDE/plugins/com.st.stm32cube.ide.mcu.externaltools.gnu-tools-for-stm32.12.3.rel1.win32_1.0.200.202406191623/tools/bin/../lib/gcc/arm-none-eabi/12.3.1/../../../../arm-none-eabi/lib/thumb/v7e-m+dp/hard\libc_nano.a(libc_a-findfp.o)
 .text.cleanup_stdio
                0x0800d04c       0x40 C:/ST/STM32CubeIDE_1.16.1/STM32CubeIDE/plugins/com.st.stm32cube.ide.mcu.externaltools.gnu-tools-for-stm32.12.3.rel1.win32_1.0.200.202406191623/tools/bin/../lib/gcc/arm-none-eabi/12.3.1/../../../../arm-none-eabi/lib/thumb/v7e-m+dp/hard\libc_nano.a(libc_a-findfp.o)
 .text.global_stdio_init.part.0
                0x0800d08c       0x3c C:/ST/STM32CubeIDE_1.16.1/STM32CubeIDE/plugins/com.st.stm32cube.ide.mcu.externaltools.gnu-tools-for-stm32.12.3.rel1.win32_1.0.200.202406191623/tools/bin/../lib/gcc/arm-none-eabi/12.3.1/../../../../arm-none-eabi/lib/thumb/v7e-m+dp/hard\libc_nano.a(libc_a-findfp.o)
 .text.__sfp_lock_acquire
                0x0800d0c8        0xc C:/ST/STM32CubeIDE_1.16.1/STM32CubeIDE/plugins/com.st.stm32cube.ide.mcu.externaltools.gnu-tools-for-stm32.12.3.rel1.win32_1.0.200.202406191623/tools/bin/../lib/gcc/arm-none-eabi/12.3.1/../../../../arm-none-eabi/lib/thumb/v7e-m+dp/hard\libc_nano.a(libc_a-findfp.o)
                0x0800d0c8                __sfp_lock_acquire
 .text.__sfp_lock_release
                0x0800d0d4        0xc C:/ST/STM32CubeIDE_1.16.1/STM32CubeIDE/plugins/com.st.stm32cube.ide.mcu.externaltools.gnu-tools-for-stm32.12.3.rel1.win32_1.0.200.202406191623/tools/bin/../lib/gcc/arm-none-eabi/12.3.1/../../../../arm-none-eabi/lib/thumb/v7e-m+dp/hard\libc_nano.a(libc_a-findfp.o)
                0x0800d0d4                __sfp_lock_release
 .text.__sinit  0x0800d0e0       0x30 C:/ST/STM32CubeIDE_1.16.1/STM32CubeIDE/plugins/com.st.stm32cube.ide.mcu.externaltools.gnu-tools-for-stm32.12.3.rel1.win32_1.0.200.202406191623/tools/bin/../lib/gcc/arm-none-eabi/12.3.1/../../../../arm-none-eabi/lib/thumb/v7e-m+dp/hard\libc_nano.a(libc_a-findfp.o)
                0x0800d0e0                __sinit
 .text._fwalk_sglue
                0x0800d110       0x3c C:/ST/STM32CubeIDE_1.16.1/STM32CubeIDE/plugins/com.st.stm32cube.ide.mcu.externaltools.gnu-tools-for-stm32.12.3.rel1.win32_1.0.200.202406191623/tools/bin/../lib/gcc/arm-none-eabi/12.3.1/../../../../arm-none-eabi/lib/thumb/v7e-m+dp/hard\libc_nano.a(libc_a-fwalk.o)
                0x0800d110                _fwalk_sglue
 .text.printf   0x0800d14c       0x24 C:/ST/STM32CubeIDE_1.16.1/STM32CubeIDE/plugins/com.st.stm32cube.ide.mcu.externaltools.gnu-tools-for-stm32.12.3.rel1.win32_1.0.200.202406191623/tools/bin/../lib/gcc/arm-none-eabi/12.3.1/../../../../arm-none-eabi/lib/thumb/v7e-m+dp/hard\libc_nano.a(libc_a-printf.o)
                0x0800d14c                iprintf
                0x0800d14c                printf
 .text._puts_r  0x0800d170       0xaa C:/ST/STM32CubeIDE_1.16.1/STM32CubeIDE/plugins/com.st.stm32cube.ide.mcu.externaltools.gnu-tools-for-stm32.12.3.rel1.win32_1.0.200.202406191623/tools/bin/../lib/gcc/arm-none-eabi/12.3.1/../../../../arm-none-eabi/lib/thumb/v7e-m+dp/hard\libc_nano.a(libc_a-puts.o)
                0x0800d170                _puts_r
 *fill*         0x0800d21a        0x2 
 .text.puts     0x0800d21c       0x10 C:/ST/STM32CubeIDE_1.16.1/STM32CubeIDE/plugins/com.st.stm32cube.ide.mcu.externaltools.gnu-tools-for-stm32.12.3.rel1.win32_1.0.200.202406191623/tools/bin/../lib/gcc/arm-none-eabi/12.3.1/../../../../arm-none-eabi/lib/thumb/v7e-m+dp/hard\libc_nano.a(libc_a-puts.o)
                0x0800d21c                puts
 .text.snprintf
                0x0800d22c       0x68 C:/ST/STM32CubeIDE_1.16.1/STM32CubeIDE/plugins/com.st.stm32cube.ide.mcu.externaltools.gnu-tools-for-stm32.12.3.rel1.win32_1.0.200.202406191623/tools/bin/../lib/gcc/arm-none-eabi/12.3.1/../../../../arm-none-eabi/lib/thumb/v7e-m+dp/hard\libc_nano.a(libc_a-snprintf.o)
                0x0800d22c                sniprintf
                0x0800d22c                snprintf
 .text.sprintf  0x0800d294       0x40 C:/ST/STM32CubeIDE_1.16.1/STM32CubeIDE/plugins/com.st.stm32cube.ide.mcu.externaltools.gnu-tools-for-stm32.12.3.rel1.win32_1.0.200.202406191623/tools/bin/../lib/gcc/arm-none-eabi/12.3.1/../../../../arm-none-eabi/lib/thumb/v7e-m+dp/hard\libc_nano.a(libc_a-sprintf.o)
                0x0800d294                siprintf
                0x0800d294                sprintf
 .text.__sread  0x0800d2d4       0x22 C:/ST/STM32CubeIDE_1.16.1/STM32CubeIDE/plugins/com.st.stm32cube.ide.mcu.externaltools.gnu-tools-for-stm32.12.3.rel1.win32_1.0.200.202406191623/tools/bin/../lib/gcc/arm-none-eabi/12.3.1/../../../../arm-none-eabi/lib/thumb/v7e-m+dp/hard\libc_nano.a(libc_a-stdio.o)
                0x0800d2d4                __sread
 .text.__swrite
                0x0800d2f6       0x38 C:/ST/STM32CubeIDE_1.16.1/STM32CubeIDE/plugins/com.st.stm32cube.ide.mcu.externaltools.gnu-tools-for-stm32.12.3.rel1.win32_1.0.200.202406191623/tools/bin/../lib/gcc/arm-none-eabi/12.3.1/../../../../arm-none-eabi/lib/thumb/v7e-m+dp/hard\libc_nano.a(libc_a-stdio.o)
                0x0800d2f6                __swrite
 .text.__sseek  0x0800d32e       0x24 C:/ST/STM32CubeIDE_1.16.1/STM32CubeIDE/plugins/com.st.stm32cube.ide.mcu.externaltools.gnu-tools-for-stm32.12.3.rel1.win32_1.0.200.202406191623/tools/bin/../lib/gcc/arm-none-eabi/12.3.1/../../../../arm-none-eabi/lib/thumb/v7e-m+dp/hard\libc_nano.a(libc_a-stdio.o)
                0x0800d32e                __sseek
 .text.__sclose
                0x0800d352        0x8 C:/ST/STM32CubeIDE_1.16.1/STM32CubeIDE/plugins/com.st.stm32cube.ide.mcu.externaltools.gnu-tools-for-stm32.12.3.rel1.win32_1.0.200.202406191623/tools/bin/../lib/gcc/arm-none-eabi/12.3.1/../../../../arm-none-eabi/lib/thumb/v7e-m+dp/hard\libc_nano.a(libc_a-stdio.o)
                0x0800d352                __sclose
 .text.__swbuf_r
                0x0800d35a       0x7c C:/ST/STM32CubeIDE_1.16.1/STM32CubeIDE/plugins/com.st.stm32cube.ide.mcu.externaltools.gnu-tools-for-stm32.12.3.rel1.win32_1.0.200.202406191623/tools/bin/../lib/gcc/arm-none-eabi/12.3.1/../../../../arm-none-eabi/lib/thumb/v7e-m+dp/hard\libc_nano.a(libc_a-wbuf.o)
                0x0800d35a                __swbuf_r
 *fill*         0x0800d3d6        0x2 
 .text.__swsetup_r
                0x0800d3d8       0xac C:/ST/STM32CubeIDE_1.16.1/STM32CubeIDE/plugins/com.st.stm32cube.ide.mcu.externaltools.gnu-tools-for-stm32.12.3.rel1.win32_1.0.200.202406191623/tools/bin/../lib/gcc/arm-none-eabi/12.3.1/../../../../arm-none-eabi/lib/thumb/v7e-m+dp/hard\libc_nano.a(libc_a-wsetup.o)
                0x0800d3d8                __swsetup_r
 .text.memset   0x0800d484       0x10 C:/ST/STM32CubeIDE_1.16.1/STM32CubeIDE/plugins/com.st.stm32cube.ide.mcu.externaltools.gnu-tools-for-stm32.12.3.rel1.win32_1.0.200.202406191623/tools/bin/../lib/gcc/arm-none-eabi/12.3.1/../../../../arm-none-eabi/lib/thumb/v7e-m+dp/hard\libc_nano.a(libc_a-memset.o)
                0x0800d484                memset
 .text.strncmp  0x0800d494       0x24 C:/ST/STM32CubeIDE_1.16.1/STM32CubeIDE/plugins/com.st.stm32cube.ide.mcu.externaltools.gnu-tools-for-stm32.12.3.rel1.win32_1.0.200.202406191623/tools/bin/../lib/gcc/arm-none-eabi/12.3.1/../../../../arm-none-eabi/lib/thumb/v7e-m+dp/hard\libc_nano.a(libc_a-strncmp.o)
                0x0800d494                strncmp
 .text.strncpy  0x0800d4b8       0x26 C:/ST/STM32CubeIDE_1.16.1/STM32CubeIDE/plugins/com.st.stm32cube.ide.mcu.externaltools.gnu-tools-for-stm32.12.3.rel1.win32_1.0.200.202406191623/tools/bin/../lib/gcc/arm-none-eabi/12.3.1/../../../../arm-none-eabi/lib/thumb/v7e-m+dp/hard\libc_nano.a(libc_a-strncpy.o)
                0x0800d4b8                strncpy
 *fill*         0x0800d4de        0x2 
 .text.strtok   0x0800d4e0       0x68 C:/ST/STM32CubeIDE_1.16.1/STM32CubeIDE/plugins/com.st.stm32cube.ide.mcu.externaltools.gnu-tools-for-stm32.12.3.rel1.win32_1.0.200.202406191623/tools/bin/../lib/gcc/arm-none-eabi/12.3.1/../../../../arm-none-eabi/lib/thumb/v7e-m+dp/hard\libc_nano.a(libc_a-strtok.o)
                0x0800d4e0                strtok
 .text.__strtok_r
                0x0800d548       0x50 C:/ST/STM32CubeIDE_1.16.1/STM32CubeIDE/plugins/com.st.stm32cube.ide.mcu.externaltools.gnu-tools-for-stm32.12.3.rel1.win32_1.0.200.202406191623/tools/bin/../lib/gcc/arm-none-eabi/12.3.1/../../../../arm-none-eabi/lib/thumb/v7e-m+dp/hard\libc_nano.a(libc_a-strtok_r.o)
                0x0800d548                __strtok_r
 .text._localeconv_r
                0x0800d598        0x8 C:/ST/STM32CubeIDE_1.16.1/STM32CubeIDE/plugins/com.st.stm32cube.ide.mcu.externaltools.gnu-tools-for-stm32.12.3.rel1.win32_1.0.200.202406191623/tools/bin/../lib/gcc/arm-none-eabi/12.3.1/../../../../arm-none-eabi/lib/thumb/v7e-m+dp/hard\libc_nano.a(libc_a-localeconv.o)
                0x0800d598                _localeconv_r
 .text._close_r
                0x0800d5a0       0x20 C:/ST/STM32CubeIDE_1.16.1/STM32CubeIDE/plugins/com.st.stm32cube.ide.mcu.externaltools.gnu-tools-for-stm32.12.3.rel1.win32_1.0.200.202406191623/tools/bin/../lib/gcc/arm-none-eabi/12.3.1/../../../../arm-none-eabi/lib/thumb/v7e-m+dp/hard\libc_nano.a(libc_a-closer.o)
                0x0800d5a0                _close_r
 .text._reclaim_reent
                0x0800d5c0       0xac C:/ST/STM32CubeIDE_1.16.1/STM32CubeIDE/plugins/com.st.stm32cube.ide.mcu.externaltools.gnu-tools-for-stm32.12.3.rel1.win32_1.0.200.202406191623/tools/bin/../lib/gcc/arm-none-eabi/12.3.1/../../../../arm-none-eabi/lib/thumb/v7e-m+dp/hard\libc_nano.a(libc_a-reent.o)
                0x0800d5c0                _reclaim_reent
 .text._lseek_r
                0x0800d66c       0x24 C:/ST/STM32CubeIDE_1.16.1/STM32CubeIDE/plugins/com.st.stm32cube.ide.mcu.externaltools.gnu-tools-for-stm32.12.3.rel1.win32_1.0.200.202406191623/tools/bin/../lib/gcc/arm-none-eabi/12.3.1/../../../../arm-none-eabi/lib/thumb/v7e-m+dp/hard\libc_nano.a(libc_a-lseekr.o)
                0x0800d66c                _lseek_r
 .text._read_r  0x0800d690       0x24 C:/ST/STM32CubeIDE_1.16.1/STM32CubeIDE/plugins/com.st.stm32cube.ide.mcu.externaltools.gnu-tools-for-stm32.12.3.rel1.win32_1.0.200.202406191623/tools/bin/../lib/gcc/arm-none-eabi/12.3.1/../../../../arm-none-eabi/lib/thumb/v7e-m+dp/hard\libc_nano.a(libc_a-readr.o)
                0x0800d690                _read_r
 .text._write_r
                0x0800d6b4       0x24 C:/ST/STM32CubeIDE_1.16.1/STM32CubeIDE/plugins/com.st.stm32cube.ide.mcu.externaltools.gnu-tools-for-stm32.12.3.rel1.win32_1.0.200.202406191623/tools/bin/../lib/gcc/arm-none-eabi/12.3.1/../../../../arm-none-eabi/lib/thumb/v7e-m+dp/hard\libc_nano.a(libc_a-writer.o)
                0x0800d6b4                _write_r
 .text.__errno  0x0800d6d8        0xc C:/ST/STM32CubeIDE_1.16.1/STM32CubeIDE/plugins/com.st.stm32cube.ide.mcu.externaltools.gnu-tools-for-stm32.12.3.rel1.win32_1.0.200.202406191623/tools/bin/../lib/gcc/arm-none-eabi/12.3.1/../../../../arm-none-eabi/lib/thumb/v7e-m+dp/hard\libc_nano.a(libc_a-errno.o)
                0x0800d6d8                __errno
 .text.__libc_init_array
                0x0800d6e4       0x48 C:/ST/STM32CubeIDE_1.16.1/STM32CubeIDE/plugins/com.st.stm32cube.ide.mcu.externaltools.gnu-tools-for-stm32.12.3.rel1.win32_1.0.200.202406191623/tools/bin/../lib/gcc/arm-none-eabi/12.3.1/../../../../arm-none-eabi/lib/thumb/v7e-m+dp/hard\libc_nano.a(libc_a-init.o)
                0x0800d6e4                __libc_init_array
 .text.__retarget_lock_init_recursive
                0x0800d72c        0x2 C:/ST/STM32CubeIDE_1.16.1/STM32CubeIDE/plugins/com.st.stm32cube.ide.mcu.externaltools.gnu-tools-for-stm32.12.3.rel1.win32_1.0.200.202406191623/tools/bin/../lib/gcc/arm-none-eabi/12.3.1/../../../../arm-none-eabi/lib/thumb/v7e-m+dp/hard\libc_nano.a(libc_a-lock.o)
                0x0800d72c                __retarget_lock_init_recursive
 .text.__retarget_lock_acquire_recursive
                0x0800d72e        0x2 C:/ST/STM32CubeIDE_1.16.1/STM32CubeIDE/plugins/com.st.stm32cube.ide.mcu.externaltools.gnu-tools-for-stm32.12.3.rel1.win32_1.0.200.202406191623/tools/bin/../lib/gcc/arm-none-eabi/12.3.1/../../../../arm-none-eabi/lib/thumb/v7e-m+dp/hard\libc_nano.a(libc_a-lock.o)
                0x0800d72e                __retarget_lock_acquire_recursive
 .text.__retarget_lock_release_recursive
                0x0800d730        0x2 C:/ST/STM32CubeIDE_1.16.1/STM32CubeIDE/plugins/com.st.stm32cube.ide.mcu.externaltools.gnu-tools-for-stm32.12.3.rel1.win32_1.0.200.202406191623/tools/bin/../lib/gcc/arm-none-eabi/12.3.1/../../../../arm-none-eabi/lib/thumb/v7e-m+dp/hard\libc_nano.a(libc_a-lock.o)
                0x0800d730                __retarget_lock_release_recursive
 .text.memcpy   0x0800d732       0x1c C:/ST/STM32CubeIDE_1.16.1/STM32CubeIDE/plugins/com.st.stm32cube.ide.mcu.externaltools.gnu-tools-for-stm32.12.3.rel1.win32_1.0.200.202406191623/tools/bin/../lib/gcc/arm-none-eabi/12.3.1/../../../../arm-none-eabi/lib/thumb/v7e-m+dp/hard\libc_nano.a(libc_a-memcpy-stub.o)
                0x0800d732                memcpy
 *fill*         0x0800d74e        0x2 
 .text.nanf     0x0800d750        0xc C:/ST/STM32CubeIDE_1.16.1/STM32CubeIDE/plugins/com.st.stm32cube.ide.mcu.externaltools.gnu-tools-for-stm32.12.3.rel1.win32_1.0.200.202406191623/tools/bin/../lib/gcc/arm-none-eabi/12.3.1/../../../../arm-none-eabi/lib/thumb/v7e-m+dp/hard\libc_nano.a(libm_a-sf_nan.o)
                0x0800d750                nanf
 .text.__assert_func
                0x0800d75c       0x3c C:/ST/STM32CubeIDE_1.16.1/STM32CubeIDE/plugins/com.st.stm32cube.ide.mcu.externaltools.gnu-tools-for-stm32.12.3.rel1.win32_1.0.200.202406191623/tools/bin/../lib/gcc/arm-none-eabi/12.3.1/../../../../arm-none-eabi/lib/thumb/v7e-m+dp/hard\libc_nano.a(libc_a-assert.o)
                0x0800d75c                __assert_func
 .text.quorem   0x0800d798      0x110 C:/ST/STM32CubeIDE_1.16.1/STM32CubeIDE/plugins/com.st.stm32cube.ide.mcu.externaltools.gnu-tools-for-stm32.12.3.rel1.win32_1.0.200.202406191623/tools/bin/../lib/gcc/arm-none-eabi/12.3.1/../../../../arm-none-eabi/lib/thumb/v7e-m+dp/hard\libc_nano.a(libc_a-dtoa.o)
 .text._dtoa_r  0x0800d8a8      0xaac C:/ST/STM32CubeIDE_1.16.1/STM32CubeIDE/plugins/com.st.stm32cube.ide.mcu.externaltools.gnu-tools-for-stm32.12.3.rel1.win32_1.0.200.202406191623/tools/bin/../lib/gcc/arm-none-eabi/12.3.1/../../../../arm-none-eabi/lib/thumb/v7e-m+dp/hard\libc_nano.a(libc_a-dtoa.o)
                0x0800d8a8                _dtoa_r
 .text._free_r  0x0800e354       0x94 C:/ST/STM32CubeIDE_1.16.1/STM32CubeIDE/plugins/com.st.stm32cube.ide.mcu.externaltools.gnu-tools-for-stm32.12.3.rel1.win32_1.0.200.202406191623/tools/bin/../lib/gcc/arm-none-eabi/12.3.1/../../../../arm-none-eabi/lib/thumb/v7e-m+dp/hard\libc_nano.a(libc_a-freer.o)
                0x0800e354                _free_r
 .text.malloc   0x0800e3e8       0x10 C:/ST/STM32CubeIDE_1.16.1/STM32CubeIDE/plugins/com.st.stm32cube.ide.mcu.externaltools.gnu-tools-for-stm32.12.3.rel1.win32_1.0.200.202406191623/tools/bin/../lib/gcc/arm-none-eabi/12.3.1/../../../../arm-none-eabi/lib/thumb/v7e-m+dp/hard\libc_nano.a(libc_a-malloc.o)
                0x0800e3e8                malloc
 .text.sbrk_aligned
                0x0800e3f8       0x44 C:/ST/STM32CubeIDE_1.16.1/STM32CubeIDE/plugins/com.st.stm32cube.ide.mcu.externaltools.gnu-tools-for-stm32.12.3.rel1.win32_1.0.200.202406191623/tools/bin/../lib/gcc/arm-none-eabi/12.3.1/../../../../arm-none-eabi/lib/thumb/v7e-m+dp/hard\libc_nano.a(libc_a-mallocr.o)
 .text._malloc_r
                0x0800e43c      0x100 C:/ST/STM32CubeIDE_1.16.1/STM32CubeIDE/plugins/com.st.stm32cube.ide.mcu.externaltools.gnu-tools-for-stm32.12.3.rel1.win32_1.0.200.202406191623/tools/bin/../lib/gcc/arm-none-eabi/12.3.1/../../../../arm-none-eabi/lib/thumb/v7e-m+dp/hard\libc_nano.a(libc_a-mallocr.o)
                0x0800e43c                _malloc_r
 .text.__malloc_lock
                0x0800e53c        0xc C:/ST/STM32CubeIDE_1.16.1/STM32CubeIDE/plugins/com.st.stm32cube.ide.mcu.externaltools.gnu-tools-for-stm32.12.3.rel1.win32_1.0.200.202406191623/tools/bin/../lib/gcc/arm-none-eabi/12.3.1/../../../../arm-none-eabi/lib/thumb/v7e-m+dp/hard\libc_nano.a(libc_a-mlock.o)
                0x0800e53c                __malloc_lock
 .text.__malloc_unlock
                0x0800e548        0xc C:/ST/STM32CubeIDE_1.16.1/STM32CubeIDE/plugins/com.st.stm32cube.ide.mcu.externaltools.gnu-tools-for-stm32.12.3.rel1.win32_1.0.200.202406191623/tools/bin/../lib/gcc/arm-none-eabi/12.3.1/../../../../arm-none-eabi/lib/thumb/v7e-m+dp/hard\libc_nano.a(libc_a-mlock.o)
                0x0800e548                __malloc_unlock
 .text._Balloc  0x0800e554       0x80 C:/ST/STM32CubeIDE_1.16.1/STM32CubeIDE/plugins/com.st.stm32cube.ide.mcu.externaltools.gnu-tools-for-stm32.12.3.rel1.win32_1.0.200.202406191623/tools/bin/../lib/gcc/arm-none-eabi/12.3.1/../../../../arm-none-eabi/lib/thumb/v7e-m+dp/hard\libc_nano.a(libc_a-mprec.o)
                0x0800e554                _Balloc
 .text._Bfree   0x0800e5d4       0x44 C:/ST/STM32CubeIDE_1.16.1/STM32CubeIDE/plugins/com.st.stm32cube.ide.mcu.externaltools.gnu-tools-for-stm32.12.3.rel1.win32_1.0.200.202406191623/tools/bin/../lib/gcc/arm-none-eabi/12.3.1/../../../../arm-none-eabi/lib/thumb/v7e-m+dp/hard\libc_nano.a(libc_a-mprec.o)
                0x0800e5d4                _Bfree
 .text.__multadd
                0x0800e618       0x8c C:/ST/STM32CubeIDE_1.16.1/STM32CubeIDE/plugins/com.st.stm32cube.ide.mcu.externaltools.gnu-tools-for-stm32.12.3.rel1.win32_1.0.200.202406191623/tools/bin/../lib/gcc/arm-none-eabi/12.3.1/../../../../arm-none-eabi/lib/thumb/v7e-m+dp/hard\libc_nano.a(libc_a-mprec.o)
                0x0800e618                __multadd
 .text.__s2b    0x0800e6a4       0x94 C:/ST/STM32CubeIDE_1.16.1/STM32CubeIDE/plugins/com.st.stm32cube.ide.mcu.externaltools.gnu-tools-for-stm32.12.3.rel1.win32_1.0.200.202406191623/tools/bin/../lib/gcc/arm-none-eabi/12.3.1/../../../../arm-none-eabi/lib/thumb/v7e-m+dp/hard\libc_nano.a(libc_a-mprec.o)
                0x0800e6a4                __s2b
 .text.__hi0bits
                0x0800e738       0x3e C:/ST/STM32CubeIDE_1.16.1/STM32CubeIDE/plugins/com.st.stm32cube.ide.mcu.externaltools.gnu-tools-for-stm32.12.3.rel1.win32_1.0.200.202406191623/tools/bin/../lib/gcc/arm-none-eabi/12.3.1/../../../../arm-none-eabi/lib/thumb/v7e-m+dp/hard\libc_nano.a(libc_a-mprec.o)
                0x0800e738                __hi0bits
 .text.__lo0bits
                0x0800e776       0x5a C:/ST/STM32CubeIDE_1.16.1/STM32CubeIDE/plugins/com.st.stm32cube.ide.mcu.externaltools.gnu-tools-for-stm32.12.3.rel1.win32_1.0.200.202406191623/tools/bin/../lib/gcc/arm-none-eabi/12.3.1/../../../../arm-none-eabi/lib/thumb/v7e-m+dp/hard\libc_nano.a(libc_a-mprec.o)
                0x0800e776                __lo0bits
 .text.__i2b    0x0800e7d0       0x2c C:/ST/STM32CubeIDE_1.16.1/STM32CubeIDE/plugins/com.st.stm32cube.ide.mcu.externaltools.gnu-tools-for-stm32.12.3.rel1.win32_1.0.200.202406191623/tools/bin/../lib/gcc/arm-none-eabi/12.3.1/../../../../arm-none-eabi/lib/thumb/v7e-m+dp/hard\libc_nano.a(libc_a-mprec.o)
                0x0800e7d0                __i2b
 .text.__multiply
                0x0800e7fc      0x154 C:/ST/STM32CubeIDE_1.16.1/STM32CubeIDE/plugins/com.st.stm32cube.ide.mcu.externaltools.gnu-tools-for-stm32.12.3.rel1.win32_1.0.200.202406191623/tools/bin/../lib/gcc/arm-none-eabi/12.3.1/../../../../arm-none-eabi/lib/thumb/v7e-m+dp/hard\libc_nano.a(libc_a-mprec.o)
                0x0800e7fc                __multiply
 .text.__pow5mult
                0x0800e950       0xb4 C:/ST/STM32CubeIDE_1.16.1/STM32CubeIDE/plugins/com.st.stm32cube.ide.mcu.externaltools.gnu-tools-for-stm32.12.3.rel1.win32_1.0.200.202406191623/tools/bin/../lib/gcc/arm-none-eabi/12.3.1/../../../../arm-none-eabi/lib/thumb/v7e-m+dp/hard\libc_nano.a(libc_a-mprec.o)
                0x0800e950                __pow5mult
 .text.__lshift
                0x0800ea04       0xd8 C:/ST/STM32CubeIDE_1.16.1/STM32CubeIDE/plugins/com.st.stm32cube.ide.mcu.externaltools.gnu-tools-for-stm32.12.3.rel1.win32_1.0.200.202406191623/tools/bin/../lib/gcc/arm-none-eabi/12.3.1/../../../../arm-none-eabi/lib/thumb/v7e-m+dp/hard\libc_nano.a(libc_a-mprec.o)
                0x0800ea04                __lshift
 .text.__mcmp   0x0800eadc       0x36 C:/ST/STM32CubeIDE_1.16.1/STM32CubeIDE/plugins/com.st.stm32cube.ide.mcu.externaltools.gnu-tools-for-stm32.12.3.rel1.win32_1.0.200.202406191623/tools/bin/../lib/gcc/arm-none-eabi/12.3.1/../../../../arm-none-eabi/lib/thumb/v7e-m+dp/hard\libc_nano.a(libc_a-mprec.o)
                0x0800eadc                __mcmp
 *fill*         0x0800eb12        0x2 
 .text.__mdiff  0x0800eb14      0x128 C:/ST/STM32CubeIDE_1.16.1/STM32CubeIDE/plugins/com.st.stm32cube.ide.mcu.externaltools.gnu-tools-for-stm32.12.3.rel1.win32_1.0.200.202406191623/tools/bin/../lib/gcc/arm-none-eabi/12.3.1/../../../../arm-none-eabi/lib/thumb/v7e-m+dp/hard\libc_nano.a(libc_a-mprec.o)
                0x0800eb14                __mdiff
 .text.__ulp    0x0800ec3c       0x4c C:/ST/STM32CubeIDE_1.16.1/STM32CubeIDE/plugins/com.st.stm32cube.ide.mcu.externaltools.gnu-tools-for-stm32.12.3.rel1.win32_1.0.200.202406191623/tools/bin/../lib/gcc/arm-none-eabi/12.3.1/../../../../arm-none-eabi/lib/thumb/v7e-m+dp/hard\libc_nano.a(libc_a-mprec.o)
                0x0800ec3c                __ulp
 .text.__b2d    0x0800ec88       0x94 C:/ST/STM32CubeIDE_1.16.1/STM32CubeIDE/plugins/com.st.stm32cube.ide.mcu.externaltools.gnu-tools-for-stm32.12.3.rel1.win32_1.0.200.202406191623/tools/bin/../lib/gcc/arm-none-eabi/12.3.1/../../../../arm-none-eabi/lib/thumb/v7e-m+dp/hard\libc_nano.a(libc_a-mprec.o)
                0x0800ec88                __b2d
 .text.__d2b    0x0800ed1c       0xb0 C:/ST/STM32CubeIDE_1.16.1/STM32CubeIDE/plugins/com.st.stm32cube.ide.mcu.externaltools.gnu-tools-for-stm32.12.3.rel1.win32_1.0.200.202406191623/tools/bin/../lib/gcc/arm-none-eabi/12.3.1/../../../../arm-none-eabi/lib/thumb/v7e-m+dp/hard\libc_nano.a(libc_a-mprec.o)
                0x0800ed1c                __d2b
 .text.__ratio  0x0800edcc       0x5e C:/ST/STM32CubeIDE_1.16.1/STM32CubeIDE/plugins/com.st.stm32cube.ide.mcu.externaltools.gnu-tools-for-stm32.12.3.rel1.win32_1.0.200.202406191623/tools/bin/../lib/gcc/arm-none-eabi/12.3.1/../../../../arm-none-eabi/lib/thumb/v7e-m+dp/hard\libc_nano.a(libc_a-mprec.o)
                0x0800edcc                __ratio
 .text.__copybits
                0x0800ee2a       0x46 C:/ST/STM32CubeIDE_1.16.1/STM32CubeIDE/plugins/com.st.stm32cube.ide.mcu.externaltools.gnu-tools-for-stm32.12.3.rel1.win32_1.0.200.202406191623/tools/bin/../lib/gcc/arm-none-eabi/12.3.1/../../../../arm-none-eabi/lib/thumb/v7e-m+dp/hard\libc_nano.a(libc_a-mprec.o)
                0x0800ee2a                __copybits
 .text.__any_on
                0x0800ee70       0x42 C:/ST/STM32CubeIDE_1.16.1/STM32CubeIDE/plugins/com.st.stm32cube.ide.mcu.externaltools.gnu-tools-for-stm32.12.3.rel1.win32_1.0.200.202406191623/tools/bin/../lib/gcc/arm-none-eabi/12.3.1/../../../../arm-none-eabi/lib/thumb/v7e-m+dp/hard\libc_nano.a(libc_a-mprec.o)
                0x0800ee70                __any_on
 .text.sulp     0x0800eeb2       0x34 C:/ST/STM32CubeIDE_1.16.1/STM32CubeIDE/plugins/com.st.stm32cube.ide.mcu.externaltools.gnu-tools-for-stm32.12.3.rel1.win32_1.0.200.202406191623/tools/bin/../lib/gcc/arm-none-eabi/12.3.1/../../../../arm-none-eabi/lib/thumb/v7e-m+dp/hard\libc_nano.a(libc_a-strtod.o)
 *fill*         0x0800eee6        0x2 
 .text._strtod_l
                0x0800eee8      0xb2c C:/ST/STM32CubeIDE_1.16.1/STM32CubeIDE/plugins/com.st.stm32cube.ide.mcu.externaltools.gnu-tools-for-stm32.12.3.rel1.win32_1.0.200.202406191623/tools/bin/../lib/gcc/arm-none-eabi/12.3.1/../../../../arm-none-eabi/lib/thumb/v7e-m+dp/hard\libc_nano.a(libc_a-strtod.o)
                0x0800eee8                _strtod_l
 .text._strtod_r
                0x0800fa14        0xc C:/ST/STM32CubeIDE_1.16.1/STM32CubeIDE/plugins/com.st.stm32cube.ide.mcu.externaltools.gnu-tools-for-stm32.12.3.rel1.win32_1.0.200.202406191623/tools/bin/../lib/gcc/arm-none-eabi/12.3.1/../../../../arm-none-eabi/lib/thumb/v7e-m+dp/hard\libc_nano.a(libc_a-strtod.o)
                0x0800fa14                _strtod_r
 .text.__ssputs_r
                0x0800fa20       0xb6 C:/ST/STM32CubeIDE_1.16.1/STM32CubeIDE/plugins/com.st.stm32cube.ide.mcu.externaltools.gnu-tools-for-stm32.12.3.rel1.win32_1.0.200.202406191623/tools/bin/../lib/gcc/arm-none-eabi/12.3.1/../../../../arm-none-eabi/lib/thumb/v7e-m+dp/hard\libc_nano.a(libc_a-nano-svfprintf.o)
                0x0800fa20                __ssputs_r
 *fill*         0x0800fad6        0x2 
 .text._svfprintf_r
                0x0800fad8      0x1f8 C:/ST/STM32CubeIDE_1.16.1/STM32CubeIDE/plugins/com.st.stm32cube.ide.mcu.externaltools.gnu-tools-for-stm32.12.3.rel1.win32_1.0.200.202406191623/tools/bin/../lib/gcc/arm-none-eabi/12.3.1/../../../../arm-none-eabi/lib/thumb/v7e-m+dp/hard\libc_nano.a(libc_a-nano-svfprintf.o)
                0x0800fad8                _svfiprintf_r
                0x0800fad8                _svfprintf_r
 .text.__sfputc_r
                0x0800fcd0       0x2e C:/ST/STM32CubeIDE_1.16.1/STM32CubeIDE/plugins/com.st.stm32cube.ide.mcu.externaltools.gnu-tools-for-stm32.12.3.rel1.win32_1.0.200.202406191623/tools/bin/../lib/gcc/arm-none-eabi/12.3.1/../../../../arm-none-eabi/lib/thumb/v7e-m+dp/hard\libc_nano.a(libc_a-nano-vfprintf.o)
 .text.__sfputs_r
                0x0800fcfe       0x24 C:/ST/STM32CubeIDE_1.16.1/STM32CubeIDE/plugins/com.st.stm32cube.ide.mcu.externaltools.gnu-tools-for-stm32.12.3.rel1.win32_1.0.200.202406191623/tools/bin/../lib/gcc/arm-none-eabi/12.3.1/../../../../arm-none-eabi/lib/thumb/v7e-m+dp/hard\libc_nano.a(libc_a-nano-vfprintf.o)
                0x0800fcfe                __sfputs_r
 *fill*         0x0800fd22        0x2 
 .text._vfprintf_r
                0x0800fd24      0x230 C:/ST/STM32CubeIDE_1.16.1/STM32CubeIDE/plugins/com.st.stm32cube.ide.mcu.externaltools.gnu-tools-for-stm32.12.3.rel1.win32_1.0.200.202406191623/tools/bin/../lib/gcc/arm-none-eabi/12.3.1/../../../../arm-none-eabi/lib/thumb/v7e-m+dp/hard\libc_nano.a(libc_a-nano-vfprintf.o)
                0x0800fd24                _vfprintf_r
                0x0800fd24                _vfiprintf_r
 .text.__sflush_r
                0x0800ff54      0x108 C:/ST/STM32CubeIDE_1.16.1/STM32CubeIDE/plugins/com.st.stm32cube.ide.mcu.externaltools.gnu-tools-for-stm32.12.3.rel1.win32_1.0.200.202406191623/tools/bin/../lib/gcc/arm-none-eabi/12.3.1/../../../../arm-none-eabi/lib/thumb/v7e-m+dp/hard\libc_nano.a(libc_a-fflush.o)
                0x0800ff54                __sflush_r
 .text._fflush_r
                0x0801005c       0x50 C:/ST/STM32CubeIDE_1.16.1/STM32CubeIDE/plugins/com.st.stm32cube.ide.mcu.externaltools.gnu-tools-for-stm32.12.3.rel1.win32_1.0.200.202406191623/tools/bin/../lib/gcc/arm-none-eabi/12.3.1/../../../../arm-none-eabi/lib/thumb/v7e-m+dp/hard\libc_nano.a(libc_a-fflush.o)
                0x0801005c                _fflush_r