../Core/Src/commands.c:62:6:handle_beep	40	static
../Core/Src/commands.c:70:6:handle_beep_stop	32	static
../Core/Src/commands.c:76:6:handle_morse	24	static
../Core/Src/commands.c:82:6:handle_WhoAmI	24	static
../Core/Src/commands.c:86:6:handle_ping_local	24	static
../Core/Src/commands.c:90:6:handle_ping	24	static
../Core/Src/commands.c:94:6:handle_reset	24	static
../Core/Src/commands.c:98:6:handle_get_version	24	static
../Core/Src/commands.c:102:6:handle_get_status	24	static
../Core/Src/commands.c:108:6:handle_cam_list	24	static
../Core/Src/commands.c:109:6:handle_cam_num_blocks	24	static
../Core/Src/commands.c:110:6:handle_cam_get_blocks	24	static
../Core/Src/commands.c:111:6:handle_cam_take_pic	24	static
../Core/Src/commands.c:112:6:handle_cam_stream	24	static
../Core/Src/commands.c:113:6:handle_cam_get_latest	24	static
../Core/Src/commands.c:116:6:handle_gps_get_time	24	static
../Core/Src/commands.c:117:6:handle_gps_get_location	24	static
../Core/Src/commands.c:118:6:handle_gps_get_velocity	24	static
../Core/Src/commands.c:119:6:handle_gps_get_altitude	24	static
../Core/Src/commands.c:120:6:handle_gps_fix	24	static
../Core/Src/commands.c:121:6:handle_gps_get_all	24	static
../Core/Src/commands.c:125:6:handle_bmp_get_temp	32	static
../Core/Src/commands.c:131:6:handle_bmp_get_pres	32	static
../Core/Src/commands.c:136:6:handle_bmp_get_all	32	static
../Core/Src/commands.c:144:6:handle_imu_get_mag	32	static
../Core/Src/commands.c:149:6:handle_imu_get_gyr	56	static
../Core/Src/commands.c:157:6:handle_imu_get_acc	56	static
../Core/Src/commands.c:165:6:handle_imu_calibrate	32	static
../Core/Src/commands.c:172:6:handle_imu_get_all	32	static
../Core/Src/commands.c:179:6:handle_rf_get_temp	24	static
../Core/Src/commands.c:180:6:handle_rf_get_rssi	24	static
../Core/Src/commands.c:183:6:handle_led_off	24	static
../Core/Src/commands.c:184:6:handle_led_on	24	static
../Core/Src/commands.c:187:6:handle_reset_local	24	static
../Core/Src/commands.c:190:6:handle_gs_set_nodeid	24	static
../Core/Src/commands.c:191:6:handle_gs_get_nodeid	24	static
../Core/Src/commands.c:192:6:handle_gs_get_RSSI	24	static
../Core/Src/commands.c:193:6:handle_gs_set_network	24	static
../Core/Src/commands.c:194:6:handle_reset_gs	24	static
../Core/Src/commands.c:197:6:handle_eps_get_voltage	24	static
../Core/Src/commands.c:198:6:handle_eps_measure	24	static
../Core/Src/commands.c:199:6:handle_eps_get_sp_voltage	24	static
../Core/Src/commands.c:200:6:handle_eps_get_sp_current	24	static
../Core/Src/commands.c:201:6:handle_sd_card_connected	24	static
../Core/Src/commands.c:202:6:handle_rbf_connected	24	static
../Core/Src/commands.c:203:6:handle_eps_charging	24	static
